Component: ARM Compiler 5.06 update 6 (build 750) Tool: armlink [4d35ed]

==============================================================================

Section Cross References

    startup_stm32f030xc.o(RESET) refers to startup_stm32f030xc.o(STACK) for __initial_sp
    startup_stm32f030xc.o(RESET) refers to startup_stm32f030xc.o(.text) for Reset_Handler
    startup_stm32f030xc.o(RESET) refers to stm32f0xx_it.o(i.NMI_Handler) for NMI_Handler
    startup_stm32f030xc.o(RESET) refers to stm32f0xx_it.o(i.HardFault_Handler) for HardFault_Handler
    startup_stm32f030xc.o(RESET) refers to port.o(i.SVC_Handler) for SVC_Handler
    startup_stm32f030xc.o(RESET) refers to port.o(.emb_text) for PendSV_Handler
    startup_stm32f030xc.o(RESET) refers to stm32f0xx_it.o(i.SysTick_Handler) for SysTick_Handler
    startup_stm32f030xc.o(RESET) refers to stm32f0xx_it.o(i.RTC_IRQHandler) for RTC_IRQHandler
    startup_stm32f030xc.o(RESET) refers to stm32f0xx_it.o(i.EXTI0_1_IRQHandler) for EXTI0_1_IRQHandler
    startup_stm32f030xc.o(RESET) refers to stm32f0xx_it.o(i.EXTI2_3_IRQHandler) for EXTI2_3_IRQHandler
    startup_stm32f030xc.o(RESET) refers to stm32f0xx_it.o(i.EXTI4_15_IRQHandler) for EXTI4_15_IRQHandler
    startup_stm32f030xc.o(RESET) refers to stm32f0xx_it.o(i.DMA1_Channel1_IRQHandler) for DMA1_Channel1_IRQHandler
    startup_stm32f030xc.o(RESET) refers to stm32f0xx_it.o(i.DMA1_Channel2_3_IRQHandler) for DMA1_Channel2_3_IRQHandler
    startup_stm32f030xc.o(RESET) refers to stm32f0xx_it.o(i.ADC1_IRQHandler) for ADC1_IRQHandler
    startup_stm32f030xc.o(RESET) refers to stm32f0xx_it.o(i.TIM1_BRK_UP_TRG_COM_IRQHandler) for TIM1_BRK_UP_TRG_COM_IRQHandler
    startup_stm32f030xc.o(RESET) refers to stm32f0xx_it.o(i.TIM6_IRQHandler) for TIM6_IRQHandler
    startup_stm32f030xc.o(RESET) refers to stm32f0xx_it.o(i.TIM7_IRQHandler) for TIM7_IRQHandler
    startup_stm32f030xc.o(RESET) refers to stm32f0xx_it.o(i.USART2_IRQHandler) for USART2_IRQHandler
    startup_stm32f030xc.o(RESET) refers to stm32f0xx_it.o(i.USART3_6_IRQHandler) for USART3_6_IRQHandler
    startup_stm32f030xc.o(.text) refers to system_stm32f0xx.o(i.SystemInit) for SystemInit
    startup_stm32f030xc.o(.text) refers to entry.o(.ARM.Collect$$$$00000000) for __main
    bsp_spiflash.o(i.SPI_FLASH_ReadByte) refers to stm32f0xx_hal_spi.o(i.HAL_SPI_TransmitReceive) for HAL_SPI_TransmitReceive
    bsp_spiflash.o(i.SPI_FLASH_ReadByte) refers to spi.o(.bss) for hspi2
    bsp_spiflash.o(i.SPI_FLASH_SendByte) refers to stm32f0xx_hal_spi.o(i.HAL_SPI_TransmitReceive) for HAL_SPI_TransmitReceive
    bsp_spiflash.o(i.SPI_FLASH_SendByte) refers to spi.o(.bss) for hspi2
    ht1621b.o(i.ReadDataBit_1621) refers to stm32f0xx_hal_gpio.o(i.HAL_GPIO_WritePin) for HAL_GPIO_WritePin
    ht1621b.o(i.ReadDataBit_1621) refers to ht1621b.o(i._nop) for _nop
    ht1621b.o(i.ReadDataBit_1621) refers to stm32f0xx_hal_gpio.o(i.HAL_GPIO_ReadPin) for HAL_GPIO_ReadPin
    ht1621b.o(i.Read_Modify_Write_1621) refers to stm32f0xx_hal_gpio.o(i.HAL_GPIO_WritePin) for HAL_GPIO_WritePin
    ht1621b.o(i.Read_Modify_Write_1621) refers to ht1621b.o(i._nop) for _nop
    ht1621b.o(i.Read_Modify_Write_1621) refers to ht1621b.o(i.SendBit_1621) for SendBit_1621
    ht1621b.o(i.Read_Modify_Write_1621) refers to ht1621b.o(i.ReadDataBit_1621) for ReadDataBit_1621
    ht1621b.o(i.Read_Modify_Write_1621) refers to ht1621b.o(i.SendDataBit_1621) for SendDataBit_1621
    ht1621b.o(i.SendBit_1621) refers to stm32f0xx_hal_gpio.o(i.HAL_GPIO_WritePin) for HAL_GPIO_WritePin
    ht1621b.o(i.SendBit_1621) refers to ht1621b.o(i._nop) for _nop
    ht1621b.o(i.SendCmd) refers to stm32f0xx_hal_gpio.o(i.HAL_GPIO_WritePin) for HAL_GPIO_WritePin
    ht1621b.o(i.SendCmd) refers to ht1621b.o(i.SendBit_1621) for SendBit_1621
    ht1621b.o(i.SendDataBit_1621) refers to stm32f0xx_hal_gpio.o(i.HAL_GPIO_WritePin) for HAL_GPIO_WritePin
    ht1621b.o(i.SendDataBit_1621) refers to ht1621b.o(i._nop) for _nop
    ht1621b.o(i.WriteAll_1621) refers to stm32f0xx_hal_gpio.o(i.HAL_GPIO_WritePin) for HAL_GPIO_WritePin
    ht1621b.o(i.WriteAll_1621) refers to ht1621b.o(i.SendBit_1621) for SendBit_1621
    ht1621b.o(i.WriteAll_1621) refers to ht1621b.o(i.SendDataBit_1621) for SendDataBit_1621
    ht1621b.o(i.Write_1621) refers to stm32f0xx_hal_gpio.o(i.HAL_GPIO_WritePin) for HAL_GPIO_WritePin
    ht1621b.o(i.Write_1621) refers to ht1621b.o(i.SendBit_1621) for SendBit_1621
    ht1621b.o(i.Write_1621) refers to ht1621b.o(i.SendDataBit_1621) for SendDataBit_1621
    key.o(i.key_driver) refers to stm32f0xx_hal_gpio.o(i.HAL_GPIO_ReadPin) for HAL_GPIO_ReadPin
    key.o(i.key_read) refers to key.o(i.key_driver) for key_driver
    lcd.o(i.LCD_Close) refers to memseta.o(.text) for __aeabi_memclr4
    lcd.o(i.LCD_Close) refers to ht1621b.o(i.SendCmd) for SendCmd
    lcd.o(i.LCD_Close) refers to lcd.o(.bss) for LCDPanelStruct
    lcd.o(i.LCD_Init) refers to stm32f0xx_hal_gpio.o(i.HAL_GPIO_Init) for HAL_GPIO_Init
[...]
    _chval                                   0x08008ebd   Thumb Code    30  _chval.o(.text)
    __vfscanf_char                           0x08008ee9   Thumb Code    24  scanf_char.o(.text)
    _sgetc                                   0x08008f09   Thumb Code    32  _sgetc.o(.text)
    _sbackspace                              0x08008f29   Thumb Code    36  _sgetc.o(.text)
    strtol                                   0x08008f4d   Thumb Code   108  strtol.o(.text)
    __I$use$fp                               0x08008fbd   Thumb Code     0  iusefp.o(.text)
    _float_round                             0x08008fbd   Thumb Code    16  fepilogue.o(.text)
    _float_epilogue                          0x08008fcd   Thumb Code   114  fepilogue.o(.text)
    _double_round                            0x0800903f   Thumb Code    26  depilogue.o(.text)
    _double_epilogue                         0x08009059   Thumb Code   164  depilogue.o(.text)
    __aeabi_ul2d                             0x080090fd   Thumb Code    22  dfltul.o(.text)
    __aeabi_d2ulz                            0x08009119   Thumb Code    54  dfixul.o(.text)
    __scatterload                            0x08009159   Thumb Code    28  init.o(.text)
    __scatterload_rt2                        0x08009159   Thumb Code     0  init.o(.text)
    __vfscanf                                0x0800917d   Thumb Code   812  _scanf.o(.text)
    _strtoul                                 0x080094b5   Thumb Code   166  _strtoul.o(.text)
    __decompress                             0x0800955b   Thumb Code     0  __dczerorl2.o(.text)
    __decompress1                            0x0800955b   Thumb Code    86  __dczerorl2.o(.text)
    ADC1_IRQHandler                          0x080095b1   Thumb Code    10  stm32f0xx_it.o(i.ADC1_IRQHandler)
    Analysis_AT_Cmd                          0x0800985d   Thumb Code    28  freertos.o(i.Analysis_AT_Cmd)
    Analysis_CSQ_Cmd                         0x08009881   Thumb Code    66  freertos.o(i.Analysis_CSQ_Cmd)
    Analysis_POSTDATA_Cmd                    0x080098d9   Thumb Code    46  freertos.o(i.Analysis_POSTDATA_Cmd)
    Analysis_QHTTPGET_Cmd                    0x08009919   Thumb Code    46  freertos.o(i.Analysis_QHTTPGET_Cmd)
    Analysis_QHTTPPOST_Cmd                   0x08009959   Thumb Code    46  freertos.o(i.Analysis_QHTTPPOST_Cmd)
    Analysis_QHTTPREAD_Cmd                   0x0800999d   Thumb Code    46  freertos.o(i.Analysis_QHTTPREAD_Cmd)
    Analysis_QHTTPURL_Cmd                    0x080099dd   Thumb Code    46  freertos.o(i.Analysis_QHTTPURL_Cmd)
    Analysis_QIACT_Cmd                       0x08009a21   Thumb Code    46  freertos.o(i.Analysis_QIACT_Cmd)
    Analysis_QIDEACT_Cmd                     0x08009a61   Thumb Code    46  freertos.o(i.Analysis_QIDEACT_Cmd)
    Analysis_QILOCIP_Cmd                     0x08009a9d   Thumb Code     6  freertos.o(i.Analysis_QILOCIP_Cmd)
    Analysis_QIREGAPP_Cmd                    0x08009aa5   Thumb Code    46  freertos.o(i.Analysis_QIREGAPP_Cmd)
    Analysis_QSSLCFG_Cmd                     0x08009ae5   Thumb Code    28  freertos.o(i.Analysis_QSSLCFG_Cmd)
    Analysis_SEVER_Addr_Cmd                  0x08009b09   Thumb Code    46  freertos.o(i.Analysis_SEVER_Addr_Cmd)
    Analysis_SNI_Cmd                         0x08009b49   Thumb Code     6  freertos.o(i.Analysis_SNI_Cmd)
    AppObjCreate                             0x08009b51   Thumb Code    32  freertos.o(i.AppObjCreate)
    AppObjCreateQueue                        0x08009b91   Thumb Code    32  freertos.o(i.AppObjCreateQueue)
    AppVectorTblRemap                        0x08009bc5   Thumb Code    70  main.o(i.AppVectorTblRemap)
    ClearZero                                0x08009c19   Thumb Code   104  usartconfig.o(i.ClearZero)
    DMA1_Channel1_IRQHandler                 0x08009d7d   Thumb Code    10  stm32f0xx_it.o(i.DMA1_Channel1_IRQHandler)
    DMA1_Channel2_3_IRQHandler               0x08009d8d   Thumb Code    10  stm32f0xx_it.o(i.DMA1_Channel2_3_IRQHandler)
    DTISETTIME                               0x08009de9   Thumb Code    48  usartconfig.o(i.DTISETTIME)
    EXTI0_1_IRQHandler                       0x08009e2d   Thumb Code    16  stm32f0xx_it.o(i.EXTI0_1_IRQHandler)
    EXTI2_3_IRQHandler                       0x08009e3d   Thumb Code    10  stm32f0xx_it.o(i.EXTI2_3_IRQHandler)
    EXTI4_15_IRQHandler                      0x08009e47   Thumb Code    12  stm32f0xx_it.o(i.EXTI4_15_IRQHandler)
    ExportLog                                0x08009e55   Thumb Code    34  usartconfig.o(i.ExportLog)
    FindLogIndex                             0x08009e89   Thumb Code    20  usartconfig.o(i.FindLogIndex)
    GasRemain                                0x08009eb9   Thumb Code    32  usartconfig.o(i.GasRemain)
    GetRTC                                   0x08009ef1   Thumb Code    88  rtc.o(i.GetRTC)
    GetSoftWareBuildTargetTime               0x08009f51   Thumb Code   484  stringutils.o(i.GetSoftWareBuildTargetTime)
    GetSoftWareTime                          0x0800a181   Thumb Code    78  stringutils.o(i.GetSoftWareTime)
    HAL_ADCEx_Calibration_Start              0x0800a1d9   Thumb Code   228  stm32f0xx_hal_adc_ex.o(i.HAL_ADCEx_Calibration_Start)
    HAL_ADC_ConfigChannel                    0x0800a2bd   Thumb Code   374  stm32f0xx_hal_adc.o(i.HAL_ADC_ConfigChannel)
    HAL_ADC_ConvCpltCallback                 0x0800a445   Thumb Code  1454  main.o(i.HAL_ADC_ConvCpltCallback)
    HAL_ADC_ConvHalfCpltCallback             0x0800aa19   Thumb Code     2  stm32f0xx_hal_adc.o(i.HAL_ADC_ConvHalfCpltCallback)
    HAL_ADC_ErrorCallback                    0x0800aa1b   Thumb Code     2  stm32f0xx_hal_adc.o(i.HAL_ADC_ErrorCallback)
    HAL_ADC_IRQHandler                       0x0800aa1d   Thumb Code   278  stm32f0xx_hal_adc.o(i.HAL_ADC_IRQHandler)
    HAL_ADC_Init                             0x0800ab35   Thumb Code   440  stm32f0xx_hal_adc.o(i.HAL_ADC_Init)
    HAL_ADC_LevelOutOfWindowCallback         0x0800acf5   Thumb Code     2  stm32f0xx_hal_adc.o(i.HAL_ADC_LevelOutOfWindowCallback)
    HAL_ADC_MspInit                          0x0800acf9   Thumb Code   164  adc.o(i.HAL_ADC_MspInit)
    HAL_ADC_Start_DMA                        0x0800adbd   Thumb Code   176  stm32f0xx_hal_adc.o(i.HAL_ADC_Start_DMA)
    HAL_ADC_Stop_DMA                         0x0800ae7d   Thumb Code   136  stm32f0xx_hal_adc.o(i.HAL_ADC_Stop_DMA)
    HAL_DMA_Abort                            0x0800af05   Thumb Code    56  stm32f0xx_hal_dma.o(i.HAL_DMA_Abort)
    HAL_DMA_Abort_IT                         0x0800af3d   Thumb Code    88  stm32f0xx_hal_dma.o(i.HAL_DMA_Abort_IT)
    HAL_DMA_IRQHandler                       0x0800af95   Thumb Code   240  stm32f0xx_hal_dma.o(i.HAL_DMA_IRQHandler)
    HAL_DMA_Init                             0x0800b085   Thumb Code    94  stm32f0xx_hal_dma.o(i.HAL_DMA_Init)
    HAL_DMA_Start_IT                         0x0800b0e9   Thumb Code   154  stm32f0xx_hal_dma.o(i.HAL_DMA_Start_IT)
    HAL_Delay                                0x0800b183   Thumb Code    32  stm32f0xx_hal.o(i.HAL_Delay)
    HAL_GPIO_EXTI_Callback                   0x0800b1a5   Thumb Code    36  main.o(i.HAL_GPIO_EXTI_Callback)
    HAL_GPIO_EXTI_IRQHandler                 0x0800b1d1   Thumb Code    26  stm32f0xx_hal_gpio.o(i.HAL_GPIO_EXTI_IRQHandler)
    HAL_GPIO_Init                            0x0800b1f1   Thumb Code   470  stm32f0xx_hal_gpio.o(i.HAL_GPIO_Init)
    HAL_GPIO_ReadPin                         0x0800b3e1   Thumb Code    18  stm32f0xx_hal_gpio.o(i.HAL_GPIO_ReadPin)
    HAL_GPIO_WritePin                        0x0800b3f3   Thumb Code    12  stm32f0xx_hal_gpio.o(i.HAL_GPIO_WritePin)
    HAL_GetTick                              0x0800b401   Thumb Code     6  stm32f0xx_hal.o(i.HAL_GetTick)
    HAL_IncTick                              0x0800b40d   Thumb Code    12  stm32f0xx_hal.o(i.HAL_IncTick)
    HAL_Init                                 0x0800b41d   Thumb Code    28  stm32f0xx_hal.o(i.HAL_Init)
    HAL_InitTick                             0x0800b43d   Thumb Code   122  stm32f0xx_hal_timebase_tim.o(i.HAL_InitTick)
    HAL_MspInit                              0x0800b4cd   Thumb Code    90  stm32f0xx_hal_msp.o(i.HAL_MspInit)
    HAL_NVIC_DisableIRQ                      0x0800b52d   Thumb Code    18  stm32f0xx_hal_cortex.o(i.HAL_NVIC_DisableIRQ)
    HAL_NVIC_EnableIRQ                       0x0800b545   Thumb Code    18  stm32f0xx_hal_cortex.o(i.HAL_NVIC_EnableIRQ)
    HAL_NVIC_SetPriority                     0x0800b55d   Thumb Code    18  stm32f0xx_hal_cortex.o(i.HAL_NVIC_SetPriority)
    HAL_PWR_EnableBkUpAccess                 0x0800b571   Thumb Code    16  stm32f0xx_hal_pwr.o(i.HAL_PWR_EnableBkUpAccess)
    HAL_RCCEx_PeriphCLKConfig                0x0800b585   Thumb Code   322  stm32f0xx_hal_rcc_ex.o(i.HAL_RCCEx_PeriphCLKConfig)
    HAL_RCC_ClockConfig                      0x0800b6d5   Thumb Code   382  stm32f0xx_hal_rcc.o(i.HAL_RCC_ClockConfig)
    HAL_RCC_DeInit                           0x0800b869   Thumb Code    68  stm32f0xx_hal_rcc.o(i.HAL_RCC_DeInit)
    HAL_RCC_GetClockConfig                   0x0800b8c1   Thumb Code    48  stm32f0xx_hal_rcc.o(i.HAL_RCC_GetClockConfig)
    HAL_RCC_GetHCLKFreq                      0x0800b8f9   Thumb Code     6  stm32f0xx_hal_rcc.o(i.HAL_RCC_GetHCLKFreq)
    HAL_RCC_GetPCLK1Freq                     0x0800b905   Thumb Code    26  stm32f0xx_hal_rcc.o(i.HAL_RCC_GetPCLK1Freq)
    HAL_RCC_GetSysClockFreq                  0x0800b929   Thumb Code   156  stm32f0xx_hal_rcc.o(i.HAL_RCC_GetSysClockFreq)
    HAL_RCC_OscConfig                        0x0800b9ed   Thumb Code  1356  stm32f0xx_hal_rcc.o(i.HAL_RCC_OscConfig)
    HAL_RTC_AlarmAEventCallback              0x0800bf3d   Thumb Code   220  main.o(i.HAL_RTC_AlarmAEventCallback)
    HAL_RTC_AlarmIRQHandler                  0x0800c039   Thumb Code    70  stm32f0xx_hal_rtc.o(i.HAL_RTC_AlarmIRQHandler)
    HAL_RTC_GetAlarm                         0x0800c089   Thumb Code   142  stm32f0xx_hal_rtc.o(i.HAL_RTC_GetAlarm)
    HAL_RTC_GetDate                          0x0800c11d   Thumb Code    88  stm32f0xx_hal_rtc.o(i.HAL_RTC_GetDate)
    HAL_RTC_GetTime                          0x0800c179   Thumb Code   104  stm32f0xx_hal_rtc.o(i.HAL_RTC_GetTime)
    HAL_RTC_Init                             0x0800c1e5   Thumb Code   222  stm32f0xx_hal_rtc.o(i.HAL_RTC_Init)
    HAL_RTC_MspInit                          0x0800c2c9   Thumb Code    22  rtc.o(i.HAL_RTC_MspInit)
    HAL_RTC_SetAlarm_IT                      0x0800c2e9   Thumb Code   432  stm32f0xx_hal_rtc.o(i.HAL_RTC_SetAlarm_IT)
    HAL_RTC_SetDate                          0x0800c4a1   Thumb Code   280  stm32f0xx_hal_rtc.o(i.HAL_RTC_SetDate)
    HAL_RTC_SetTime                          0x0800c5bd   Thumb Code   318  stm32f0xx_hal_rtc.o(i.HAL_RTC_SetTime)
    HAL_RTC_WaitForSynchro                   0x0800c701   Thumb Code    60  stm32f0xx_hal_rtc.o(i.HAL_RTC_WaitForSynchro)
    HAL_SPI_Init                             0x0800c73d   Thumb Code   220  stm32f0xx_hal_spi.o(i.HAL_SPI_Init)
    HAL_SPI_MspInit                          0x0800c819   Thumb Code    78  spi.o(i.HAL_SPI_MspInit)
    HAL_SPI_TransmitReceive                  0x0800c875   Thumb Code   714  stm32f0xx_hal_spi.o(i.HAL_SPI_TransmitReceive)
    HAL_SYSTICK_CLKSourceConfig              0x0800cb41   Thumb Code    32  stm32f0xx_hal_cortex.o(i.HAL_SYSTICK_CLKSourceConfig)
    HAL_SYSTICK_Config                       0x0800cb65   Thumb Code    46  stm32f0xx_hal_cortex.o(i.HAL_SYSTICK_Config)
    HAL_TIMEx_BreakCallback                  0x0800cb9d   Thumb Code     2  stm32f0xx_hal_tim_ex.o(i.HAL_TIMEx_BreakCallback)
    HAL_TIMEx_CommutationCallback            0x0800cb9f   Thumb Code     2  stm32f0xx_hal_tim_ex.o(i.HAL_TIMEx_CommutationCallback)
    HAL_TIM_Base_Init                        0x0800cba1   Thumb Code    56  stm32f0xx_hal_tim.o(i.HAL_TIM_Base_Init)
    HAL_TIM_Base_MspInit                     0x0800cbd9   Thumb Code    76  tim.o(i.HAL_TIM_Base_MspInit)
    HAL_TIM_Base_Start_IT                    0x0800cc31   Thumb Code    30  stm32f0xx_hal_tim.o(i.HAL_TIM_Base_Start_IT)
    HAL_TIM_Base_Stop_IT                     0x0800cc51   Thumb Code    58  stm32f0xx_hal_tim.o(i.HAL_TIM_Base_Stop_IT)
    HAL_TIM_IC_CaptureCallback               0x0800cc91   Thumb Code     2  stm32f0xx_hal_tim.o(i.HAL_TIM_IC_CaptureCallback)
    HAL_TIM_IRQHandler                       0x0800cc93   Thumb Code   456  stm32f0xx_hal_tim.o(i.HAL_TIM_IRQHandler)
    HAL_TIM_OC_DelayElapsedCallback          0x0800ce5b   Thumb Code     2  stm32f0xx_hal_tim.o(i.HAL_TIM_OC_DelayElapsedCallback)
    HAL_TIM_PWM_PulseFinishedCallback        0x0800ce5d   Thumb Code     2  stm32f0xx_hal_tim.o(i.HAL_TIM_PWM_PulseFinishedCallback)
    HAL_TIM_PeriodElapsedCallback            0x0800ce61   Thumb Code   134  main.o(i.HAL_TIM_PeriodElapsedCallback)
    HAL_TIM_TriggerCallback                  0x0800cf1d   Thumb Code     2  stm32f0xx_hal_tim.o(i.HAL_TIM_TriggerCallback)
    HAL_UART_ErrorCallback                   0x0800cf1f   Thumb Code     2  stm32f0xx_hal_uart.o(i.HAL_UART_ErrorCallback)
    HAL_UART_IRQHandler                      0x0800cf21   Thumb Code   398  stm32f0xx_hal_uart.o(i.HAL_UART_IRQHandler)
    HAL_UART_Init                            0x0800d0b5   Thumb Code   130  stm32f0xx_hal_uart.o(i.HAL_UART_Init)
    HAL_UART_MspInit                         0x0800d139   Thumb Code   238  usart.o(i.HAL_UART_MspInit)
    HAL_UART_Receive_IT                      0x0800d251   Thumb Code   230  stm32f0xx_hal_uart.o(i.HAL_UART_Receive_IT)
    HAL_UART_RxCpltCallback                  0x0800d33d   Thumb Code   180  main.o(i.HAL_UART_RxCpltCallback)
    HAL_UART_Transmit                        0x0800d409   Thumb Code   240  stm32f0xx_hal_uart.o(i.HAL_UART_Transmit)
    HAL_UART_Transmit_DMA                    0x0800d4f9   Thumb Code   174  stm32f0xx_hal_uart.o(i.HAL_UART_Transmit_DMA)
    HAL_UART_TxCpltCallback                  0x0800d5b5   Thumb Code     2  stm32f0xx_hal_uart.o(i.HAL_UART_TxCpltCallback)
    HAL_UART_TxHalfCpltCallback              0x0800d5b7   Thumb Code     2  stm32f0xx_hal_uart.o(i.HAL_UART_TxHalfCpltCallback)
    HMI_type                                 0x0800d5b9   Thumb Code    14  usartconfig.o(i.HMI_type)
    HardFault_Handler                        0x0800d5d5   Thumb Code    10  stm32f0xx_it.o(i.HardFault_Handler)
    M26test_Task                             0x0800d6ad   Thumb Code   606  freertos.o(i.M26test_Task)
    MB85RS16A_READ                           0x0800da45   Thumb Code    70  mb85rs16a.o(i.MB85RS16A_READ)
    MB85RS16A_WRITE                          0x0800da91   Thumb Code    96  mb85rs16a.o(i.MB85RS16A_WRITE)
    MX_ADC_Init                              0x0800daf5   Thumb Code   134  adc.o(i.MX_ADC_Init)
    MX_DMA_Init                              0x0800db95   Thumb Code    48  dma.o(i.MX_DMA_Init)
    MX_FREERTOS_Init                         0x0800dbc9   Thumb Code  3248  freertos.o(i.MX_FREERTOS_Init)
    MX_GPIO_Init                             0x0800e8b5   Thumb Code   482  gpio.o(i.MX_GPIO_Init)
    MX_RTC_Init                              0x0800eb55   Thumb Code   278  rtc.o(i.MX_RTC_Init)
    MX_SPI2_Init                             0x0800ec91   Thumb Code    78  spi.o(i.MX_SPI2_Init)
    MX_TIM6_Init                             0x0800ecf9   Thumb Code    44  tim.o(i.MX_TIM6_Init)
    MX_USART2_UART_Init                      0x0800ed41   Thumb Code    62  usart.o(i.MX_USART2_UART_Init)
    MX_USART3_UART_Init                      0x0800ed99   Thumb Code    62  usart.o(i.MX_USART3_UART_Init)
    NMI_Handler                              0x0800edf1   Thumb Code     2  stm32f0xx_it.o(i.NMI_Handler)
    NominalCapacity                          0x0800ee6d   Thumb Code    32  usartconfig.o(i.NominalCapacity)
    RESETALL                                 0x0800eee1   Thumb Code   490  usartconfig.o(i.RESETALL)
    RTC_Bcd2ToByte                           0x0800f179   Thumb Code    26  stm32f0xx_hal_rtc.o(i.RTC_Bcd2ToByte)
    RTC_ByteToBcd2                           0x0800f193   Thumb Code    26  stm32f0xx_hal_rtc.o(i.RTC_ByteToBcd2)
    RTC_EnterInitMode                        0x0800f1ad   Thumb Code    66  stm32f0xx_hal_rtc.o(i.RTC_EnterInitMode)
    RTC_IRQHandler                           0x0800f1f1   Thumb Code    10  stm32f0xx_it.o(i.RTC_IRQHandler)
    ReadHisVoltage                           0x0800f201   Thumb Code    34  usartconfig.o(i.ReadHisVoltage)
    ReadSystemPara                           0x0800f235   Thumb Code   302  usartconfig.o(i.ReadSystemPara)
    RealTimeFlow                             0x0800f515   Thumb Code   144  usartconfig.o(i.RealTimeFlow)
    ResetSystem                              0x0800f5cd   Thumb Code    18  usartconfig.o(i.ResetSystem)
    SPI_FLASH_BufferRead                     0x0800f657   Thumb Code    92  w25q64.o(i.SPI_FLASH_BufferRead)
    SPI_FLASH_SendByte                       0x0800f6b5   Thumb Code    36  bsp_spiflash.o(i.SPI_FLASH_SendByte)
    SPI_read_MB85RS16A                       0x0800f83d   Thumb Code    66  mb85rs16a.o(i.SPI_read_MB85RS16A)
    SPI_write_MB85RS16A                      0x0800f885   Thumb Code    92  mb85rs16a.o(i.SPI_write_MB85RS16A)
    SVC_Handler                              0x0800f8e5   Thumb Code     2  port.o(i.SVC_Handler)
    SetAPN                                   0x0800fa81   Thumb Code    28  usartconfig.o(i.SetAPN)
    SetAP_N_secret                           0x0800fab1   Thumb Code    28  usartconfig.o(i.SetAP_N_secret)
    SetAddr                                  0x0800fae1   Thumb Code    28  usartconfig.o(i.SetAddr)
    SetIP                                    0x0800fb11   Thumb Code    38  usartconfig.o(i.SetIP)
    SetName_APN                              0x0800fb4d   Thumb Code    28  usartconfig.o(i.SetName_APN)
    SetParaming                              0x0800fb7d   Thumb Code     8  usartconfig.o(i.SetParaming)
    SetPin                                   0x0800fb89   Thumb Code    28  usartconfig.o(i.SetPin)
    SetRTC                                   0x0800fbb9   Thumb Code   154  rtc.o(i.SetRTC)
    Sim80xBuffTask                           0x0800fd35   Thumb Code    16  freertos.o(i.Sim80xBuffTask)
    Sim80x_BufferProcess                     0x0800fd49   Thumb Code   128  freertos.o(i.Sim80x_BufferProcess)
    Sim80x_SendAtCommand                     0x0800fdf5   Thumb Code   248  sim80x.o(i.Sim80x_SendAtCommand)
    Sim80x_SendString                        0x0800fef9   Thumb Code   114  sim80x.o(i.Sim80x_SendString)
    StartDuty                                0x0800ff79   Thumb Code    32  usartconfig.o(i.StartDuty)
    SubToMeter                               0x0800ffb1   Thumb Code   174  rechargepacket.o(i.SubToMeter)
    SysTick_Handler                          0x0801007d   Thumb Code     8  stm32f0xx_it.o(i.SysTick_Handler)
    SystemClock_Config                       0x08010085   Thumb Code   184  main.o(i.SystemClock_Config)
    SystemInit                               0x08010151   Thumb Code   104  system_stm32f0xx.o(i.SystemInit)
    TIM1_BRK_UP_TRG_COM_IRQHandler           0x080101c5   Thumb Code    10  stm32f0xx_it.o(i.TIM1_BRK_UP_TRG_COM_IRQHandler)
    TIM6_IRQHandler                          0x080101d5   Thumb Code    44  stm32f0xx_it.o(i.TIM6_IRQHandler)
    TIM7_IRQHandler                          0x0801020d   Thumb Code    10  stm32f0xx_it.o(i.TIM7_IRQHandler)
    TIM_Base_SetConfig                       0x0801021d   Thumb Code   136  stm32f0xx_hal_tim.o(i.TIM_Base_SetConfig)
    UART_AdvFeatureConfig                    0x080102bd   Thumb Code   240  stm32f0xx_hal_uart.o(i.UART_AdvFeatureConfig)
    UART_CheckIdleState                      0x080103ad   Thumb Code    30  stm32f0xx_hal_uart.o(i.UART_CheckIdleState)
    UART_EndTransmit_IT                      0x080104a3   Thumb Code    32  stm32f0xx_hal_uart.o(i.UART_EndTransmit_IT)
    UART_Receive_IT                          0x080104d7   Thumb Code   142  stm32f0xx_hal_uart.o(i.UART_Receive_IT)
    UART_SetConfig                           0x08010565   Thumb Code   502  stm32f0xx_hal_uart.o(i.UART_SetConfig)
    UART_Transmit_IT                         0x08010789   Thumb Code   114  stm32f0xx_hal_uart.o(i.UART_Transmit_IT)
    UART_WaitOnFlagUntilTimeout              0x080107fb   Thumb Code   112  stm32f0xx_hal_uart.o(i.UART_WaitOnFlagUntilTimeout)
    USART2_IRQHandler                        0x0801086d   Thumb Code    10  stm32f0xx_it.o(i.USART2_IRQHandler)
    USART3_6_IRQHandler                      0x0801087d   Thumb Code    10  stm32f0xx_it.o(i.USART3_6_IRQHandler)
    USE_GPRS_APN                             0x0801088d   Thumb Code    28  usartconfig.o(i.USE_GPRS_APN)
    USE_SENSOR                               0x080108bd   Thumb Code    28  usartconfig.o(i.USE_SENSOR)
    UpDuty                                   0x080108ed   Thumb Code    32  usartconfig.o(i.UpDuty)
    VeryLowPower                             0x08010925   Thumb Code    54  usartconfig.o(i.VeryLowPower)
    WarnBattery                              0x0801097d   Thumb Code    32  usartconfig.o(i.WarnBattery)
    WarnPerpaid                              0x080109b5   Thumb Code    32  usartconfig.o(i.WarnPerpaid)
    WarnVolume                               0x080109ed   Thumb Code    32  usartconfig.o(i.WarnVolume)
    _Error_Handler                           0x08010a25   Thumb Code     4  main.o(i._Error_Handler)
    __0printf                                0x08010a29   Thumb Code    24  printfa.o(i.__0printf)
    __1printf                                0x08010a29   Thumb Code     0  printfa.o(i.__0printf)
    __2printf                                0x08010a29   Thumb Code     0  printfa.o(i.__0printf)
    __c89printf                              0x08010a29   Thumb Code     0  printfa.o(i.__0printf)
    printf                                   0x08010a29   Thumb Code     0  printfa.o(i.__0printf)
    __0sprintf                               0x08010a49   Thumb Code    36  printfa.o(i.__0sprintf)
    __1sprintf                               0x08010a49   Thumb Code     0  printfa.o(i.__0sprintf)
    __2sprintf                               0x08010a49   Thumb Code     0  printfa.o(i.__0sprintf)
    __c89sprintf                             0x08010a49   Thumb Code     0  printfa.o(i.__0sprintf)
    sprintf                                  0x08010a49   Thumb Code     0  printfa.o(i.__0sprintf)
    __ARM_clz                                0x08010a71   Thumb Code    46  depilogue.o(i.__ARM_clz)
    __aeabi_errno_addr                       0x08010aa1   Thumb Code     4  errno.o(i.__aeabi_errno_addr)
    __rt_errno_addr                          0x08010aa1   Thumb Code     0  errno.o(i.__aeabi_errno_addr)
    __scatterload_copy                       0x08010aa9   Thumb Code    14  handlers.o(i.__scatterload_copy)
    __scatterload_null                       0x08010ab7   Thumb Code     2  handlers.o(i.__scatterload_null)
    __scatterload_zeroinit                   0x08010ab9   Thumb Code    14  handlers.o(i.__scatterload_zeroinit)
    _is_digit                                0x08010c3d   Thumb Code    14  scanf_fp.o(i._is_digit)
    fill_rec_buf                             0x08011391   Thumb Code   154  usartconfig.o(i.fill_rec_buf)
    fputc                                    0x08011459   Thumb Code    26  printf.o(i.fputc)
    free                                     0x0801147d   Thumb Code    80  malloc.o(i.free)
    getY10value                              0x080114d1   Thumb Code   114  stringutils.o(i.getY10value)
    handle_arg                               0x08011561   Thumb Code    42  usartconfig.o(i.handle_arg)
    itoa                                     0x080115a1   Thumb Code   122  usart.o(i.itoa)
    main                                     0x08011621   Thumb Code    84  main.o(i.main)
    malloc                                   0x080116b9   Thumb Code    92  malloc.o(i.malloc)
    myStrncpy                                0x08011725   Thumb Code    62  stringutils.o(i.myStrncpy)
    my_NVIC_DeInit                           0x08011763   Thumb Code    46  main.o(i.my_NVIC_DeInit)
    osDelay                                  0x08011791   Thumb Code    26  cmsis_os.o(i.osDelay)
    osKernelStart                            0x080117ab   Thumb Code    10  cmsis_os.o(i.osKernelStart)
    osSystickHandler                         0x080117b5   Thumb Code    16  cmsis_os.o(i.osSystickHandler)
    osThreadCreate                           0x080117c5   Thumb Code    48  cmsis_os.o(i.osThreadCreate)
    printf_hello                             0x080117f5   Thumb Code    14  usartconfig.o(i.printf_hello)
    pvPortMalloc                             0x08011dc5   Thumb Code   264  heap_4.o(i.pvPortMalloc)
    pvTaskIncrementMutexHeldCount            0x08011ee1   Thumb Code    28  tasks.o(i.pvTaskIncrementMutexHeldCount)
    pxPortInitialiseStack                    0x08011f01   Thumb Code    26  port.o(i.pxPortInitialiseStack)
    readVoltage                              0x08011f21   Thumb Code    14  usartconfig.o(i.readVoltage)
    uxListRemove                             0x08011f3d   Thumb Code    40  list.o(i.uxListRemove)
    vListInitialise                          0x08011f65   Thumb Code    26  list.o(i.vListInitialise)
    vListInitialiseItem                      0x08011f7f   Thumb Code     6  list.o(i.vListInitialiseItem)
    vListInsert                              0x08011f85   Thumb Code    54  list.o(i.vListInsert)
    vListInsertEnd                           0x08011fbb   Thumb Code    24  list.o(i.vListInsertEnd)
    vPortEnterCritical                       0x08011fd5   Thumb Code    22  port.o(i.vPortEnterCritical)
    vPortExitCritical                        0x08011ff1   Thumb Code    36  port.o(i.vPortExitCritical)
    vPortFree                                0x08012019   Thumb Code   120  heap_4.o(i.vPortFree)
    vPortSetupTimerInterrupt                 0x08012099   Thumb Code    26  port.o(i.vPortSetupTimerInterrupt)
    vPortYield                               0x080120bd   Thumb Code    18  port.o(i.vPortYield)
    vTaskDelay                               0x080120d5   Thumb Code    62  tasks.o(i.vTaskDelay)
    vTaskMissedYield                         0x08012119   Thumb Code     8  tasks.o(i.vTaskMissedYield)
    vTaskNotifyGiveFromISR                   0x08012125   Thumb Code   158  tasks.o(i.vTaskNotifyGiveFromISR)
    vTaskPlaceOnEventList                    0x080121dd   Thumb Code    38  tasks.o(i.vTaskPlaceOnEventList)
    vTaskPriorityInherit                     0x08012209   Thumb Code   128  tasks.o(i.vTaskPriorityInherit)
    vTaskSetTimeOutState                     0x08012295   Thumb Code    24  tasks.o(i.vTaskSetTimeOutState)
    vTaskStartScheduler                      0x080122b5   Thumb Code    84  tasks.o(i.vTaskStartScheduler)
    vTaskSuspendAll                          0x08012329   Thumb Code    12  tasks.o(i.vTaskSuspendAll)
    vTaskSwitchContext                       0x08012339   Thumb Code   160  tasks.o(i.vTaskSwitchContext)
    writeVoltage                             0x080123f9   Thumb Code    70  usartconfig.o(i.writeVoltage)
    xPortStartScheduler                      0x08012461   Thumb Code    48  port.o(i.xPortStartScheduler)
    xPortSysTickHandler                      0x08012499   Thumb Code    32  port.o(i.xPortSysTickHandler)
    xQueueGenericCreate                      0x080124bd   Thumb Code    80  queue.o(i.xQueueGenericCreate)
    xQueueGenericReceive                     0x0801250d   Thumb Code   396  queue.o(i.xQueueGenericReceive)
    xQueueGenericReset                       0x08012699   Thumb Code   130  queue.o(i.xQueueGenericReset)
    xQueueGenericSend                        0x0801271b   Thumb Code   346  queue.o(i.xQueueGenericSend)
    xQueueGiveFromISR                        0x08012875   Thumb Code   170  queue.o(i.xQueueGiveFromISR)
    xTaskCheckForTimeOut                     0x08012921   Thumb Code   106  tasks.o(i.xTaskCheckForTimeOut)
    xTaskCreate                              0x08012995   Thumb Code    92  tasks.o(i.xTaskCreate)
    xTaskGetSchedulerState                   0x080129f1   Thumb Code    28  tasks.o(i.xTaskGetSchedulerState)
    xTaskIncrementTick                       0x08012a15   Thumb Code   270  tasks.o(i.xTaskIncrementTick)
    xTaskPriorityDisinherit                  0x08012b51   Thumb Code   124  tasks.o(i.xTaskPriorityDisinherit)
    xTaskRemoveFromEventList                 0x08012bd9   Thumb Code   112  tasks.o(i.xTaskRemoveFromEventList)
    xTaskResumeAll                           0x08012c61   Thumb Code   206  tasks.o(i.xTaskResumeAll)
    cmd_list                                 0x08012d50   Data         496  freertos.o(.constdata)
    AHBPrescTable                            0x08012f7c   Data          16  system_stm32f0xx.o(.constdata)
    APBPrescTable                            0x08012f8c   Data           8  system_stm32f0xx.o(.constdata)
    __ctype_table                            0x08012f94   Data         129  ctype_o.o(.constdata)
    Region$$Table$$Base                      0x0801373c   Number         0  anon$$obj.o(Region$$Table)
    Region$$Table$$Limit                     0x0801375c   Number         0  anon$$obj.o(Region$$Table)
    VectorTable                              0x20000000   Data         192  main.o(.ARM.__AT_0x20000000)
    glockSet                                 0x20000100   Data           1  motor.o(.data)
    glockStatus                              0x20000101   Data           1  motor.o(.data)
    gmotorStatus                             0x20000102   Data           1  motor.o(.data)
    gassembleStatus                          0x20000103   Data           1  motor.o(.data)
    beginMotoTime                            0x20000104   Data           4  motor.o(.data)
    ch                                       0x20000108   Data           1  printf.o(.data)
    Usart3RxTemp                             0x2000010c   Data           1  usartconfig.o(.data)
    rec_count                                0x20000110   Data           4  usartconfig.o(.data)
    CPU_RunTime                              0x20000114   Data           4  main.o(.data)
    collectionSum                            0x20000118   Data           1  main.o(.data)
    ADC_DataAvg                              0x2000011c   Data           4  main.o(.data)
    AvgNumber                                0x20000120   Data           1  main.o(.data)
    IsTestPower                              0x20000121   Data           1  main.o(.data)
    IsTestFlow                               0x20000122   Data           1  main.o(.data)
    IsTestEnd                                0x20000123   Data           1  main.o(.data)
    ADTestVFlow                              0x20000124   Data           4  main.o(.data)
    TmpRealTimeFlow                          0x20000128   Data           4  main.o(.data)
    volt1                                    0x2000012c   Data           4  main.o(.data)
    y1                                       0x20000130   Data           4  main.o(.data)
    vert2                                    0x20000134   Data           4  main.o(.data)
    y2                                       0x20000138   Data           4  main.o(.data)
    defaultTaskHandle                        0x2000013c   Data           4  freertos.o(.data)
    myKeyTaskHandle                          0x20000140   Data           4  freertos.o(.data)
    myLedTaskHandle                          0x20000144   Data           4  freertos.o(.data)
    myTaskCmdAnalyzHandle                    0x20000148   Data           4  freertos.o(.data)
    myTaskSim80xBufHandle                    0x2000014c   Data           4  freertos.o(.data)
    LockPassword                             0x20000150   Data           4  freertos.o(.data)
    gkeySum                                  0x20000154   Data           1  freertos.o(.data)
    No_valid_Card                            0x20000155   Data           1  freertos.o(.data)
    IsNeedRestart                            0x20000156   Data           1  freertos.o(.data)
    IsNeedTimeRestart                        0x20000157   Data           1  freertos.o(.data)
    logStart                                 0x20000158   Data           4  freertos.o(.data)
    logEnd                                   0x2000015c   Data           4  freertos.o(.data)
    IsNeedReportLog                          0x20000160   Data           1  freertos.o(.data)
    VoltageStart                             0x20000164   Data           4  freertos.o(.data)
    VoltageEnd                               0x20000168   Data           4  freertos.o(.data)
    IsNeedReportVoltage                      0x2000016c   Data           1  freertos.o(.data)
    gkeyValue                                0x2000016d   Data           1  freertos.o(.data)
    sStep                                    0x2000016e   Data           1  freertos.o(.data)
    LCD_Delay_Time                           0x20000170   Data           4  freertos.o(.data)
    Lcd_Status                               0x20000174   Data           1  freertos.o(.data)
    LogTypeDef                               0x20000175   Data           1  freertos.o(.data)
    LidStatus                                0x20000176   Data           1  freertos.o(.data)
    NEEDLEStatus                             0x20000177   Data           1  freertos.o(.data)
    OpenLockTime                             0x20000178   Data           4  freertos.o(.data)
    connectStep                              0x2000017c   Data           2  freertos.o(.data)
    IsHaveSimError                           0x2000017e   Data           1  freertos.o(.data)
    IsNeedTimeing                            0x2000017f   Data           1  freertos.o(.data)
    IsSendHalfTime                           0x20000180   Data           1  freertos.o(.data)
    HearRetryNumber                          0x20000181   Data           1  freertos.o(.data)
    IsNeedWarning                            0x20000182   Data           1  freertos.o(.data)
    WarnRetryNumber                          0x20000183   Data           1  freertos.o(.data)
    IsNeedCustomerCreditResponse             0x20000184   Data           1  freertos.o(.data)
    IsNeedInformationResponse                0x20000185   Data           1  freertos.o(.data)
    IsNeedSendCook                           0x20000186   Data           1  freertos.o(.data)
    IsSendedCSRP                             0x20000187   Data           1  freertos.o(.data)
    IsReceivedCSRPReply                      0x20000188   Data           1  freertos.o(.data)
    IsNeedIllegal_lid_opening                0x20000189   Data           1  freertos.o(.data)
    WarnTime                                 0x2000018c   Data           4  freertos.o(.data)
    IsLowPowerWarned                         0x20000190   Data           1  freertos.o(.data)
    TimeForPowerStart                        0x20000194   Data           4  freertos.o(.data)
    TimeForCurrStart                         0x20000198   Data           4  freertos.o(.data)
    loopSumCurr                              0x2000019c   Data           4  freertos.o(.data)
    loopSumPDP                               0x200001a0   Data           4  freertos.o(.data)
    Current_card_type                        0x200001a4   Data           1  freertos.o(.data)
    commandType                              0x200001a5   Data           1  freertos.o(.data)
    IsSaveCONFIG_GPRS                        0x200001a6   Data           1  freertos.o(.data)
    IsSaveCONFIG_Meter                       0x200001a7   Data           1  freertos.o(.data)
    IsSaveREAL_DATA_PARAM                    0x200001a8   Data           1  freertos.o(.data)
    IsSaveREAL_DATA_Credit                   0x200001a9   Data           1  freertos.o(.data)
    IsSaveREAL_Current_Log                   0x200001aa   Data           1  freertos.o(.data)
    Current_Voltage                          0x200001ac   Data           4  freertos.o(.data)
    IsSaveREAL_Current_Voltage               0x200001b0   Data           1  freertos.o(.data)
    StartCredit                              0x200001b4   Data           4  freertos.o(.data)
    IsStartCooking5                          0x200001b8   Data           1  freertos.o(.data)
    REAL_DATA_CALIBRATION                    0x200001bc   Data           8  freertos.o(.data)
    IsSaveCALIBRATION                        0x200001c4   Data           1  freertos.o(.data)
    IsStartCALIBRATION                       0x200001c5   Data           1  freertos.o(.data)
    IsSaveFlowCALIBRATION                    0x200001c6   Data           1  freertos.o(.data)
    IsSaveUpdate                             0x200001c7   Data           1  freertos.o(.data)
    key1_Status                              0x200001c8   Data           5  freertos.o(.data)
    Key2_Status                              0x200001cd   Data           5  freertos.o(.data)
    Key3_Status                              0x200001d2   Data           5  freertos.o(.data)
    haveClickButton                          0x200001d7   Data           1  freertos.o(.data)
    haveLongButton                           0x200001d8   Data           1  freertos.o(.data)
    OpenLid_Status                           0x200001d9   Data           5  freertos.o(.data)
    zeroFlowTime                             0x200001e0   Data           4  freertos.o(.data)
    StartRunTime                             0x200001e4   Data           4  freertos.o(.data)
    IsIntoLowPower                           0x200001e8   Data           1  freertos.o(.data)
    vibrationsNumber                         0x200001ec   Data           4  freertos.o(.data)
    Send_AT_cmd                              0x200001f0   Data         192  freertos.o(.data)
    u8GetNum                                 0x200002b0   Data          13  freertos.o(.data)
    u8PostNum                                0x200002bd   Data          15  freertos.o(.data)
    u8SniNum                                 0x200002cc   Data           3  freertos.o(.data)
    SendATQueue                              0x200002d0   Data           4  freertos.o(.data)
    Semaphore_Uart_Rec                       0x200002d4   Data           4  freertos.o(.data)
    uwTick                                   0x200002dc   Data           4  stm32f0xx_hal.o(.data)
    SystemCoreClock                          0x200002e0   Data           4  system_stm32f0xx.o(.data)
    pxCurrentTCB                             0x20000300   Data           4  tasks.o(.data)
    __stdout                                 0x20000344   Data           4  stdout.o(.data)
    __microlib_freelist                      0x20000348   Data           4  mvars.o(.data)
    __microlib_freelist_initialised          0x2000034c   Data           4  mvars.o(.data)
    Sim80x                                   0x20000354   Data        6312  sim80x.o(.bss)
    gsm_global_data                          0x20001bfc   Data        2056  sim80x.o(.bss)
    cmd_analyze                              0x20002404   Data         432  usartconfig.o(.bss)
    ADC_Data                                 0x200025b4   Data         200  main.o(.bss)
    hadc                                     0x2000267c   Data          76  adc.o(.bss)
    hdma_adc                                 0x200026c8   Data          68  adc.o(.bss)
    CONFIG_GPRS                              0x2000270c   Data         138  freertos.o(.bss)
    CONFIG_Meter                             0x20002798   Data         184  freertos.o(.bss)
    REAL_DATA_PARAM                          0x20002850   Data          60  freertos.o(.bss)
    REAL_DATA_Credit                         0x2000288c   Data          36  freertos.o(.bss)
    Current_Credit                           0x200028b0   Data          76  freertos.o(.bss)
    Tmp_Credit                               0x200028fc   Data          76  freertos.o(.bss)
    Current_Log                              0x20002948   Data          12  freertos.o(.bss)
    StartCookingSeconds                      0x20002954   Data          12  freertos.o(.bss)
    REAL_Flow_CALIBRATION                    0x20002960   Data          44  freertos.o(.bss)
    update                                   0x2000298c   Data         152  freertos.o(.bss)
    hrtc                                     0x20002a24   Data          32  rtc.o(.bss)
    hspi2                                    0x20002a44   Data         100  spi.o(.bss)
    htim6                                    0x20002aa8   Data          64  tim.o(.bss)
    htim7                                    0x20002ae8   Data          64  tim.o(.bss)
    huart2                                   0x20002b28   Data         112  usart.o(.bss)
    huart3                                   0x20002b98   Data         112  usart.o(.bss)
    hdma_usart2_tx                           0x20002c08   Data          68  usart.o(.bss)
    htim1                                    0x20002c4c   Data          64  stm32f0xx_hal_timebase_tim.o(.bss)
    __heap_base                              0x20005580   Data           0  startup_stm32f030xc.o(HEAP)
    __heap_limit                             0x20005c80   Data           0  startup_stm32f030xc.o(HEAP)
    __initial_sp                             0x20006580   Data           0  startup_stm32f030xc.o(STACK)



==============================================================================

Memory Map of the image

  Image Entry point : 0x080080b9

  Load Region LR_IROM1 (Base: 0x08008000, Size: 0x0000b9b0, Max: 0x00019000, ABSOLUTE, COMPRESSED[0x0000b804])

    Execution Region ER_IROM1 (Exec base: 0x08008000, Load base: 0x08008000, Size: 0x0000b75c, Max: 0x00019000, ABSOLUTE)

    Exec Addr    Load Addr    Size         Type   Attr      Idx    E Section Name        Object

    0x08008000   0x08008000   0x000000b8   Data   RO            3    RESET               startup_stm32f030xc.o
    0x080080b8   0x080080b8   0x00000000   Code   RO         7712  * .ARM.Collect$$$$00000000  mc_p.l(entry.o)
    0x080080b8   0x080080b8   0x00000004   Code   RO         8106    .ARM.Collect$$$$00000001  mc_p.l(entry2.o)
    0x080080bc   0x080080bc   0x00000004   Code   RO         8109    .ARM.Collect$$$$00000004  mc_p.l(entry5.o)
    0x080080c0   0x080080c0   0x00000000   Code   RO         8111    .ARM.Collect$$$$00000008  mc_p.l(entry7b.o)
    0x080080c0   0x080080c0   0x00000000   Code   RO         8113    .ARM.Collect$$$$0000000A  mc_p.l(entry8b.o)
    0x080080c0   0x080080c0   0x00000008   Code   RO         8114    .ARM.Collect$$$$0000000B  mc_p.l(entry9a.o)
    0x080080c8   0x080080c8   0x00000000   Code   RO         8116    .ARM.Collect$$$$0000000D  mc_p.l(entry10a.o)
    0x080080c8   0x080080c8   0x00000000   Code   RO         8118    .ARM.Collect$$$$0000000F  mc_p.l(entry11a.o)
    0x080080c8   0x080080c8   0x00000004   Code   RO         8107    .ARM.Collect$$$$00002712  mc_p.l(entry2.o)
    0x080080cc   0x080080cc   0x00000078   Code   RO         6637    .emb_text           port.o
    0x08008144   0x08008144   0x0000001c   Code   RO            4    .text               startup_stm32f030xc.o
    0x08008160   0x08008160   0x0000002c   Code   RO         7715    .text               mc_p.l(uidiv.o)
    0x0800818c   0x0800818c   0x00000028   Code   RO         7717    .text               mc_p.l(idiv.o)
    0x080081b4   0x080081b4   0x00000022   Code   RO         7719    .text               mc_p.l(llushr.o)
    0x080081d6   0x080081d6   0x00000002   PAD
    0x080081d8   0x080081d8   0x00000008   Code   RO         7721    .text               mc_p.l(ctype_o.o)
    0x080081e0   0x080081e0   0x00000012   Code   RO         7743    .text               mc_p.l(isspace_o.o)
    0x080081f2   0x080081f2   0x00000024   Code   RO         7753    .text               mc_p.l(memcpya.o)
    0x08008216   0x08008216   0x00000024   Code   RO         7755    .text               mc_p.l(memseta.o)
    0x0800823a   0x0800823a   0x00000018   Code   RO         7757    .text               mc_p.l(strcat.o)
    0x08008252   0x08008252   0x00000028   Code   RO         7759    .text               mc_p.l(strstr.o)
    0x0800827a   0x0800827a   0x0000001a   Code   RO         7761    .text               mc_p.l(strncpy.o)
    0x08008294   0x08008294   0x0000000e   Code   RO         7763    .text               mc_p.l(strlen.o)
    0x080082a2   0x080082a2   0x0000001c   Code   RO         7765    .text               mc_p.l(strcmp.o)
    0x080082be   0x080082be   0x00000012   Code   RO         7769    .text               mc_p.l(strcpy.o)
    0x080082d0   0x080082d0   0x0000003c   Code   RO         8064    .text               mc_p.l(__0sscanf.o)
    0x0800830c   0x0800830c   0x0000014a   Code   RO         8066    .text               mc_p.l(_scanf_int.o)
    0x08008456   0x08008456   0x00000002   PAD
    0x08008458   0x08008458   0x00000374   Code   RO         8070    .text               mc_p.l(scanf_fp.o)
    0x080087cc   0x080087cc   0x0000001a   Code   RO         8074    .text               mc_p.l(atoi.o)
    0x080087e6   0x080087e6   0x000000b2   Code   RO         8076    .text               mf_p.l(fadd.o)
    0x08008898   0x08008898   0x0000007a   Code   RO         8078    .text               mf_p.l(fmul.o)
    0x08008912   0x08008912   0x0000007c   Code   RO         8080    .text               mf_p.l(fdiv.o)
    0x0800898e   0x0800898e   0x00000002   PAD
    0x08008990   0x08008990   0x00000164   Code   RO         8082    .text               mf_p.l(dadd.o)
    0x08008af4   0x08008af4   0x000000d0   Code   RO         8084    .text               mf_p.l(dmul.o)
    0x08008bc4   0x08008bc4   0x000000f0   Code   RO         8086    .text               mf_p.l(ddiv.o)
    0x08008cb4   0x08008cb4   0x0000000e   Code   RO         8088    .text               mf_p.l(ffltui.o)
    0x08008cc2   0x08008cc2   0x00000028   Code   RO         8094    .text               mf_p.l(f2d.o)
    0x08008cea   0x08008cea   0x00000002   PAD
    0x08008cec   0x08008cec   0x00000028   Code   RO         8096    .text               mf_p.l(cdcmple.o)
    0x08008d14   0x08008d14   0x00000028   Code   RO         8098    .text               mf_p.l(cdrcmple.o)
    0x08008d3c   0x08008d3c   0x00000038   Code   RO         8100    .text               mf_p.l(d2f.o)
    0x08008d74   0x08008d74   0x00000014   Code   RO         8102    .text               mf_p.l(cfcmple.o)
    0x08008d88   0x08008d88   0x00000014   Code   RO         8104    .text               mf_p.l(cfrcmple.o)
    0x08008d9c   0x08008d9c   0x00000060   Code   RO         8121    .text               mc_p.l(uldiv.o)
    0x08008dfc   0x08008dfc   0x0000007a   Code   RO         8123    .text               mc_p.l(llmul.o)
    0x08008e76   0x08008e76   0x00000020   Code   RO         8125    .text               mc_p.l(llshl.o)
    0x08008e96   0x08008e96   0x00000026   Code   RO         8127    .text               mc_p.l(llsshr.o)
    0x08008ebc   0x08008ebc   0x0000001e   Code   RO         8138    .text               mc_p.l(_chval.o)
    0x08008eda   0x08008eda   0x00000002   PAD
    0x08008edc   0x08008edc   0x0000002c   Code   RO         8140    .text               mc_p.l(scanf_char.o)
    0x08008f08   0x08008f08   0x00000044   Code   RO         8142    .text               mc_p.l(_sgetc.o)
    0x08008f4c   0x08008f4c   0x00000070   Code   RO         8144    .text               mc_p.l(strtol.o)
    0x08008fbc   0x08008fbc   0x00000000   Code   RO         8146    .text               mc_p.l(iusefp.o)
    0x08008fbc   0x08008fbc   0x00000082   Code   RO         8147    .text               mf_p.l(fepilogue.o)
    0x0800903e   0x0800903e   0x000000be   Code   RO         8149    .text               mf_p.l(depilogue.o)
    0x080090fc   0x080090fc   0x0000001c   Code   RO         8153    .text               mf_p.l(dfltul.o)
    0x08009118   0x08009118   0x00000040   Code   RO         8155    .text               mf_p.l(dfixul.o)
    0x08009158   0x08009158   0x00000024   Code   RO         8157    .text               mc_p.l(init.o)
    0x0800917c   0x0800917c   0x00000338   Code   RO         8161    .text               mc_p.l(_scanf.o)
    0x080094b4   0x080094b4   0x000000a6   Code   RO         8163    .text               mc_p.l(_strtoul.o)
    0x0800955a   0x0800955a   0x00000056   Code   RO         8176    .text               mc_p.l(__dczerorl2.o)
    0x080095b0   0x080095b0   0x00000010   Code   RO         2960    i.ADC1_IRQHandler   stm32f0xx_it.o
    0x080095c0   0x080095c0   0x0000006c   Code   RO         3124    i.ADC_ConversionStop  stm32f0xx_hal_adc.o
    0x0800962c   0x0800962c   0x00000086   Code   RO         3125    i.ADC_DMAConvCplt   stm32f0xx_hal_adc.o
    0x080096b2   0x080096b2   0x0000001e   Code   RO         3126    i.ADC_DMAError      stm32f0xx_hal_adc.o
    0x080096d0   0x080096d0   0x0000000e   Code   RO         3127    i.ADC_DMAHalfConvCplt  stm32f0xx_hal_adc.o
    0x080096de   0x080096de   0x000000aa   Code   RO         3128    i.ADC_Disable       stm32f0xx_hal_adc.o
    0x08009788   0x08009788   0x000000d4   Code   RO         3129    i.ADC_Enable        stm32f0xx_hal_adc.o
    0x0800985c   0x0800985c   0x00000024   Code   RO         2481    i.Analysis_AT_Cmd   freertos.o
    0x08009880   0x08009880   0x00000058   Code   RO         2482    i.Analysis_CSQ_Cmd  freertos.o
    0x080098d8   0x080098d8   0x00000040   Code   RO         2483    i.Analysis_POSTDATA_Cmd  freertos.o
    0x08009918   0x08009918   0x00000040   Code   RO         2484    i.Analysis_QHTTPGET_Cmd  freertos.o
    0x08009958   0x08009958   0x00000044   Code   RO         2485    i.Analysis_QHTTPPOST_Cmd  freertos.o
    0x0800999c   0x0800999c   0x00000040   Code   RO         2486    i.Analysis_QHTTPREAD_Cmd  freertos.o
    0x080099dc   0x080099dc   0x00000044   Code   RO         2487    i.Analysis_QHTTPURL_Cmd  freertos.o
    0x08009a20   0x08009a20   0x00000040   Code   RO         2488    i.Analysis_QIACT_Cmd  freertos.o
    0x08009a60   0x08009a60   0x0000003c   Code   RO         2489    i.Analysis_QIDEACT_Cmd  freertos.o
    0x08009a9c   0x08009a9c   0x00000006   Code   RO         2490    i.Analysis_QILOCIP_Cmd  freertos.o
    0x08009aa2   0x08009aa2   0x00000002   PAD
    0x08009aa4   0x08009aa4   0x00000040   Code   RO         2491    i.Analysis_QIREGAPP_Cmd  freertos.o
    0x08009ae4   0x08009ae4   0x00000024   Code   RO         2492    i.Analysis_QSSLCFG_Cmd  freertos.o
    0x08009b08   0x08009b08   0x00000040   Code   RO         2493    i.Analysis_SEVER_Addr_Cmd  freertos.o
    0x08009b48   0x08009b48   0x00000006   Code   RO         2494    i.Analysis_SNI_Cmd  freertos.o
    0x08009b4e   0x08009b4e   0x00000002   PAD
    0x08009b50   0x08009b50   0x00000040   Code   RO         2495    i.AppObjCreate      freertos.o
    0x08009b90   0x08009b90   0x00000034   Code   RO         2496    i.AppObjCreateQueue  freertos.o
    0x08009bc4   0x08009bc4   0x00000054   Code   RO         2301    i.AppVectorTblRemap  main.o
    0x08009c18   0x08009c18   0x000000a8   Code   RO         2061    i.ClearZero         usartconfig.o
    0x08009cc0   0x08009cc0   0x000000bc   Code   RO         2497    i.CmdLength         freertos.o
    0x08009d7c   0x08009d7c   0x00000010   Code   RO         2961    i.DMA1_Channel1_IRQHandler  stm32f0xx_it.o
    0x08009d8c   0x08009d8c   0x00000010   Code   RO         2962    i.DMA1_Channel2_3_IRQHandler  stm32f0xx_it.o
    0x08009d9c   0x08009d9c   0x00000020   Code   RO         6057    i.DMA_CalcBaseAndBitshift  stm32f0xx_hal_dma.o
    0x08009dbc   0x08009dbc   0x0000002a   Code   RO         6058    i.DMA_SetConfig     stm32f0xx_hal_dma.o
    0x08009de6   0x08009de6   0x00000002   PAD
    0x08009de8   0x08009de8   0x00000044   Code   RO         2062    i.DTISETTIME        usartconfig.o
    0x08009e2c   0x08009e2c   0x00000010   Code   RO         2963    i.EXTI0_1_IRQHandler  stm32f0xx_it.o
    0x08009e3c   0x08009e3c   0x0000000a   Code   RO         2964    i.EXTI2_3_IRQHandler  stm32f0xx_it.o
    0x08009e46   0x08009e46   0x0000000c   Code   RO         2965    i.EXTI4_15_IRQHandler  stm32f0xx_it.o
    0x08009e52   0x08009e52   0x00000002   PAD
    0x08009e54   0x08009e54   0x00000034   Code   RO         2063    i.ExportLog         usartconfig.o
    0x08009e88   0x08009e88   0x00000030   Code   RO         2064    i.FindLogIndex      usartconfig.o
    0x08009eb8   0x08009eb8   0x00000038   Code   RO         2065    i.GasRemain         usartconfig.o
    0x08009ef0   0x08009ef0   0x00000060   Code   RO         2753    i.GetRTC            rtc.o
    0x08009f50   0x08009f50   0x00000230   Code   RO         1960    i.GetSoftWareBuildTargetTime  stringutils.o
    0x0800a180   0x0800a180   0x00000058   Code   RO         1961    i.GetSoftWareTime   stringutils.o
    0x0800a1d8   0x0800a1d8   0x000000e4   Code   RO         3300    i.HAL_ADCEx_Calibration_Start  stm32f0xx_hal_adc_ex.o
    0x0800a2bc   0x0800a2bc   0x00000188   Code   RO         3131    i.HAL_ADC_ConfigChannel  stm32f0xx_hal_adc.o
    0x0800a444   0x0800a444   0x000005d4   Code   RO         2302    i.HAL_ADC_ConvCpltCallback  main.o
    0x0800aa18   0x0800aa18   0x00000002   Code   RO         3133    i.HAL_ADC_ConvHalfCpltCallback  stm32f0xx_hal_adc.o
    0x0800aa1a   0x0800aa1a   0x00000002   Code   RO         3135    i.HAL_ADC_ErrorCallback  stm32f0xx_hal_adc.o
    0x0800aa1c   0x0800aa1c   0x00000116   Code   RO         3139    i.HAL_ADC_IRQHandler  stm32f0xx_hal_adc.o
    0x0800ab32   0x0800ab32   0x00000002   PAD
    0x0800ab34   0x0800ab34   0x000001c0   Code   RO         3140    i.HAL_ADC_Init      stm32f0xx_hal_adc.o
    0x0800acf4   0x0800acf4   0x00000002   Code   RO         3141    i.HAL_ADC_LevelOutOfWindowCallback  stm32f0xx_hal_adc.o
    0x0800acf6   0x0800acf6   0x00000002   PAD
    0x0800acf8   0x0800acf8   0x000000c4   Code   RO         2424    i.HAL_ADC_MspInit   adc.o
    0x0800adbc   0x0800adbc   0x000000c0   Code   RO         3147    i.HAL_ADC_Start_DMA  stm32f0xx_hal_adc.o
    0x0800ae7c   0x0800ae7c   0x00000088   Code   RO         3150    i.HAL_ADC_Stop_DMA  stm32f0xx_hal_adc.o
    0x0800af04   0x0800af04   0x00000038   Code   RO         6059    i.HAL_DMA_Abort     stm32f0xx_hal_dma.o
    0x0800af3c   0x0800af3c   0x00000058   Code   RO         6060    i.HAL_DMA_Abort_IT  stm32f0xx_hal_dma.o
    0x0800af94   0x0800af94   0x000000f0   Code   RO         6064    i.HAL_DMA_IRQHandler  stm32f0xx_hal_dma.o
    0x0800b084   0x0800b084   0x00000064   Code   RO         6065    i.HAL_DMA_Init      stm32f0xx_hal_dma.o
    0x0800b0e8   0x0800b0e8   0x0000009a   Code   RO         6069    i.HAL_DMA_Start_IT  stm32f0xx_hal_dma.o
    0x0800b182   0x0800b182   0x00000020   Code   RO         5401    i.HAL_Delay         stm32f0xx_hal.o
    0x0800b1a2   0x0800b1a2   0x00000002   PAD
    0x0800b1a4   0x0800b1a4   0x0000002c   Code   RO         2303    i.HAL_GPIO_EXTI_Callback  main.o
    0x0800b1d0   0x0800b1d0   0x00000020   Code   RO         5997    i.HAL_GPIO_EXTI_IRQHandler  stm32f0xx_hal_gpio.o
    0x0800b1f0   0x0800b1f0   0x000001f0   Code   RO         5998    i.HAL_GPIO_Init     stm32f0xx_hal_gpio.o
    0x0800b3e0   0x0800b3e0   0x00000012   Code   RO         6000    i.HAL_GPIO_ReadPin  stm32f0xx_hal_gpio.o
    0x0800b3f2   0x0800b3f2   0x0000000c   Code   RO         6002    i.HAL_GPIO_WritePin  stm32f0xx_hal_gpio.o
    0x0800b3fe   0x0800b3fe   0x00000002   PAD
    0x0800b400   0x0800b400   0x0000000c   Code   RO         5405    i.HAL_GetTick       stm32f0xx_hal.o
    0x0800b40c   0x0800b40c   0x00000010   Code   RO         5409    i.HAL_IncTick       stm32f0xx_hal.o
    0x0800b41c   0x0800b41c   0x00000020   Code   RO         5410    i.HAL_Init          stm32f0xx_hal.o
    0x0800b43c   0x0800b43c   0x00000090   Code   RO         3088    i.HAL_InitTick      stm32f0xx_hal_timebase_tim.o
    0x0800b4cc   0x0800b4cc   0x00000060   Code   RO         3068    i.HAL_MspInit       stm32f0xx_hal_msp.o
    0x0800b52c   0x0800b52c   0x00000018   Code   RO         6154    i.HAL_NVIC_DisableIRQ  stm32f0xx_hal_cortex.o
    0x0800b544   0x0800b544   0x00000018   Code   RO         6155    i.HAL_NVIC_EnableIRQ  stm32f0xx_hal_cortex.o
    0x0800b55c   0x0800b55c   0x00000012   Code   RO         6159    i.HAL_NVIC_SetPriority  stm32f0xx_hal_cortex.o
    0x0800b56e   0x0800b56e   0x00000002   PAD
    0x0800b570   0x0800b570   0x00000014   Code   RO         6252    i.HAL_PWR_EnableBkUpAccess  stm32f0xx_hal_pwr.o
    0x0800b584   0x0800b584   0x00000150   Code   RO         5366    i.HAL_RCCEx_PeriphCLKConfig  stm32f0xx_hal_rcc_ex.o
    0x0800b6d4   0x0800b6d4   0x00000194   Code   RO         5273    i.HAL_RCC_ClockConfig  stm32f0xx_hal_rcc.o
    0x0800b868   0x0800b868   0x00000058   Code   RO         5274    i.HAL_RCC_DeInit    stm32f0xx_hal_rcc.o
    0x0800b8c0   0x0800b8c0   0x00000038   Code   RO         5277    i.HAL_RCC_GetClockConfig  stm32f0xx_hal_rcc.o
    0x0800b8f8   0x0800b8f8   0x0000000c   Code   RO         5278    i.HAL_RCC_GetHCLKFreq  stm32f0xx_hal_rcc.o
    0x0800b904   0x0800b904   0x00000024   Code   RO         5280    i.HAL_RCC_GetPCLK1Freq  stm32f0xx_hal_rcc.o
    0x0800b928   0x0800b928   0x000000c4   Code   RO         5281    i.HAL_RCC_GetSysClockFreq  stm32f0xx_hal_rcc.o
    0x0800b9ec   0x0800b9ec   0x00000550   Code   RO         5284    i.HAL_RCC_OscConfig  stm32f0xx_hal_rcc.o
    0x0800bf3c   0x0800bf3c   0x000000fc   Code   RO         2304    i.HAL_RTC_AlarmAEventCallback  main.o
    0x0800c038   0x0800c038   0x00000050   Code   RO         3347    i.HAL_RTC_AlarmIRQHandler  stm32f0xx_hal_rtc.o
    0x0800c088   0x0800c088   0x00000094   Code   RO         3350    i.HAL_RTC_GetAlarm  stm32f0xx_hal_rtc.o
    0x0800c11c   0x0800c11c   0x0000005c   Code   RO         3351    i.HAL_RTC_GetDate   stm32f0xx_hal_rtc.o
    0x0800c178   0x0800c178   0x0000006c   Code   RO         3353    i.HAL_RTC_GetTime   stm32f0xx_hal_rtc.o
    0x0800c1e4   0x0800c1e4   0x000000e4   Code   RO         3354    i.HAL_RTC_Init      stm32f0xx_hal_rtc.o
    0x0800c2c8   0x0800c2c8   0x00000020   Code   RO         2756    i.HAL_RTC_MspInit   rtc.o
    0x0800c2e8   0x0800c2e8   0x000001b8   Code   RO         3359    i.HAL_RTC_SetAlarm_IT  stm32f0xx_hal_rtc.o
    0x0800c4a0   0x0800c4a0   0x0000011c   Code   RO         3360    i.HAL_RTC_SetDate   stm32f0xx_hal_rtc.o
    0x0800c5bc   0x0800c5bc   0x00000144   Code   RO         3361    i.HAL_RTC_SetTime   stm32f0xx_hal_rtc.o
    0x0800c700   0x0800c700   0x0000003c   Code   RO         3362    i.HAL_RTC_WaitForSynchro  stm32f0xx_hal_rtc.o
    0x0800c73c   0x0800c73c   0x000000dc   Code   RO         3679    i.HAL_SPI_Init      stm32f0xx_hal_spi.o
    0x0800c818   0x0800c818   0x0000005c   Code   RO         2823    i.HAL_SPI_MspInit   spi.o
    0x0800c874   0x0800c874   0x000002ca   Code   RO         3688    i.HAL_SPI_TransmitReceive  stm32f0xx_hal_spi.o
    0x0800cb3e   0x0800cb3e   0x00000002   PAD
    0x0800cb40   0x0800cb40   0x00000024   Code   RO         6161    i.HAL_SYSTICK_CLKSourceConfig  stm32f0xx_hal_cortex.o
    0x0800cb64   0x0800cb64   0x00000038   Code   RO         6163    i.HAL_SYSTICK_Config  stm32f0xx_hal_cortex.o
    0x0800cb9c   0x0800cb9c   0x00000002   Code   RO         4661    i.HAL_TIMEx_BreakCallback  stm32f0xx_hal_tim_ex.o
    0x0800cb9e   0x0800cb9e   0x00000002   Code   RO         4662    i.HAL_TIMEx_CommutationCallback  stm32f0xx_hal_tim_ex.o
    0x0800cba0   0x0800cba0   0x00000038   Code   RO         4013    i.HAL_TIM_Base_Init  stm32f0xx_hal_tim.o
    0x0800cbd8   0x0800cbd8   0x00000058   Code   RO         2861    i.HAL_TIM_Base_MspInit  tim.o
    0x0800cc30   0x0800cc30   0x0000001e   Code   RO         4018    i.HAL_TIM_Base_Start_IT  stm32f0xx_hal_tim.o
    0x0800cc4e   0x0800cc4e   0x00000002   PAD
    0x0800cc50   0x0800cc50   0x00000040   Code   RO         4021    i.HAL_TIM_Base_Stop_IT  stm32f0xx_hal_tim.o
    0x0800cc90   0x0800cc90   0x00000002   Code   RO         4044    i.HAL_TIM_IC_CaptureCallback  stm32f0xx_hal_tim.o
    0x0800cc92   0x0800cc92   0x000001c8   Code   RO         4057    i.HAL_TIM_IRQHandler  stm32f0xx_hal_tim.o
    0x0800ce5a   0x0800ce5a   0x00000002   Code   RO         4060    i.HAL_TIM_OC_DelayElapsedCallback  stm32f0xx_hal_tim.o
    0x0800ce5c   0x0800ce5c   0x00000002   Code   RO         4087    i.HAL_TIM_PWM_PulseFinishedCallback  stm32f0xx_hal_tim.o
    0x0800ce5e   0x0800ce5e   0x00000002   PAD
    0x0800ce60   0x0800ce60   0x000000bc   Code   RO         2305    i.HAL_TIM_PeriodElapsedCallback  main.o
    0x0800cf1c   0x0800cf1c   0x00000002   Code   RO         4098    i.HAL_TIM_TriggerCallback  stm32f0xx_hal_tim.o
    0x0800cf1e   0x0800cf1e   0x00000002   Code   RO         4916    i.HAL_UART_ErrorCallback  stm32f0xx_hal_uart.o
    0x0800cf20   0x0800cf20   0x00000194   Code   RO         4919    i.HAL_UART_IRQHandler  stm32f0xx_hal_uart.o
    0x0800d0b4   0x0800d0b4   0x00000082   Code   RO         4920    i.HAL_UART_Init     stm32f0xx_hal_uart.o
    0x0800d136   0x0800d136   0x00000002   PAD
    0x0800d138   0x0800d138   0x00000118   Code   RO         2905    i.HAL_UART_MspInit  usart.o
    0x0800d250   0x0800d250   0x000000ec   Code   RO         4925    i.HAL_UART_Receive_IT  stm32f0xx_hal_uart.o
    0x0800d33c   0x0800d33c   0x000000cc   Code   RO         2306    i.HAL_UART_RxCpltCallback  main.o
    0x0800d408   0x0800d408   0x000000f0   Code   RO         4928    i.HAL_UART_Transmit  stm32f0xx_hal_uart.o
    0x0800d4f8   0x0800d4f8   0x000000bc   Code   RO         4929    i.HAL_UART_Transmit_DMA  stm32f0xx_hal_uart.o
    0x0800d5b4   0x0800d5b4   0x00000002   Code   RO         4931    i.HAL_UART_TxCpltCallback  stm32f0xx_hal_uart.o
    0x0800d5b6   0x0800d5b6   0x00000002   Code   RO         4932    i.HAL_UART_TxHalfCpltCallback  stm32f0xx_hal_uart.o
    0x0800d5b8   0x0800d5b8   0x0000001c   Code   RO         2066    i.HMI_type          usartconfig.o
    0x0800d5d4   0x0800d5d4   0x00000014   Code   RO         2966    i.HardFault_Handler  stm32f0xx_it.o
    0x0800d5e8   0x0800d5e8   0x000000c4   Code   RO         2499    i.M26_Sni_Init      freertos.o
    0x0800d6ac   0x0800d6ac   0x00000398   Code   RO         2500    i.M26test_Task      freertos.o
    0x0800da44   0x0800da44   0x0000004c   Code   RO         1801    i.MB85RS16A_READ    mb85rs16a.o
    0x0800da90   0x0800da90   0x00000064   Code   RO         1802    i.MB85RS16A_WRITE   mb85rs16a.o
    0x0800daf4   0x0800daf4   0x000000a0   Code   RO         2425    i.MX_ADC_Init       adc.o
    0x0800db94   0x0800db94   0x00000034   Code   RO         2461    i.MX_DMA_Init       dma.o
    0x0800dbc8   0x0800dbc8   0x00000cec   Code   RO         2501    i.MX_FREERTOS_Init  freertos.o
    0x0800e8b4   0x0800e8b4   0x0000020c   Code   RO         2403    i.MX_GPIO_Init      gpio.o
    0x0800eac0   0x0800eac0   0x00000094   Code   RO         2307    i.MX_NVIC_Init      main.o
    0x0800eb54   0x0800eb54   0x0000013c   Code   RO         2757    i.MX_RTC_Init       rtc.o
    0x0800ec90   0x0800ec90   0x00000068   Code   RO         2824    i.MX_SPI2_Init      spi.o
    0x0800ecf8   0x0800ecf8   0x00000048   Code   RO         2862    i.MX_TIM6_Init      tim.o
    0x0800ed40   0x0800ed40   0x00000058   Code   RO         2906    i.MX_USART2_UART_Init  usart.o
    0x0800ed98   0x0800ed98   0x00000058   Code   RO         2907    i.MX_USART3_UART_Init  usart.o
    0x0800edf0   0x0800edf0   0x00000002   Code   RO         2967    i.NMI_Handler       stm32f0xx_it.o
    0x0800edf2   0x0800edf2   0x00000002   PAD
    0x0800edf4   0x0800edf4   0x00000078   Code   RO         6165    i.NVIC_SetPriority  stm32f0xx_hal_cortex.o
    0x0800ee6c   0x0800ee6c   0x00000038   Code   RO         2068    i.NominalCapacity   usartconfig.o
    0x0800eea4   0x0800eea4   0x0000003c   Code   RO         2502    i.Post_Data_Cmd     freertos.o
    0x0800eee0   0x0800eee0   0x00000298   Code   RO         2069    i.RESETALL          usartconfig.o
    0x0800f178   0x0800f178   0x0000001a   Code   RO         3363    i.RTC_Bcd2ToByte    stm32f0xx_hal_rtc.o
    0x0800f192   0x0800f192   0x0000001a   Code   RO         3364    i.RTC_ByteToBcd2    stm32f0xx_hal_rtc.o
    0x0800f1ac   0x0800f1ac   0x00000042   Code   RO         3365    i.RTC_EnterInitMode  stm32f0xx_hal_rtc.o
    0x0800f1ee   0x0800f1ee   0x00000002   PAD
    0x0800f1f0   0x0800f1f0   0x00000010   Code   RO         2968    i.RTC_IRQHandler    stm32f0xx_it.o
    0x0800f200   0x0800f200   0x00000034   Code   RO         2070    i.ReadHisVoltage    usartconfig.o
    0x0800f234   0x0800f234   0x000002e0   Code   RO         2071    i.ReadSystemPara    usartconfig.o
    0x0800f514   0x0800f514   0x000000b8   Code   RO         2072    i.RealTimeFlow      usartconfig.o
    0x0800f5cc   0x0800f5cc   0x00000020   Code   RO         2073    i.ResetSystem       usartconfig.o
    0x0800f5ec   0x0800f5ec   0x0000006a   Code   RO         3717    i.SPI_EndRxTxTransaction  stm32f0xx_hal_spi.o
    0x0800f656   0x0800f656   0x0000005c   Code   RO         1856    i.SPI_FLASH_BufferRead  w25q64.o
    0x0800f6b2   0x0800f6b2   0x00000002   PAD
    0x0800f6b4   0x0800f6b4   0x0000002c   Code   RO           13    i.SPI_FLASH_SendByte  bsp_spiflash.o
    0x0800f6e0   0x0800f6e0   0x000000b4   Code   RO         3722    i.SPI_WaitFifoStateUntilTimeout  stm32f0xx_hal_spi.o
    0x0800f794   0x0800f794   0x000000a8   Code   RO         3723    i.SPI_WaitFlagStateUntilTimeout  stm32f0xx_hal_spi.o
    0x0800f83c   0x0800f83c   0x00000048   Code   RO         1804    i.SPI_read_MB85RS16A  mb85rs16a.o
    0x0800f884   0x0800f884   0x00000060   Code   RO         1805    i.SPI_write_MB85RS16A  mb85rs16a.o
    0x0800f8e4   0x0800f8e4   0x00000002   Code   RO         6638    i.SVC_Handler       port.o
    0x0800f8e6   0x0800f8e6   0x00000002   PAD
    0x0800f8e8   0x0800f8e8   0x000000cc   Code   RO         2503    i.SendGetCommand    freertos.o
    0x0800f9b4   0x0800f9b4   0x000000cc   Code   RO         2504    i.SendPostCommand   freertos.o
    0x0800fa80   0x0800fa80   0x00000030   Code   RO         2074    i.SetAPN            usartconfig.o
    0x0800fab0   0x0800fab0   0x00000030   Code   RO         2075    i.SetAP_N_secret    usartconfig.o
    0x0800fae0   0x0800fae0   0x00000030   Code   RO         2076    i.SetAddr           usartconfig.o
    0x0800fb10   0x0800fb10   0x0000003c   Code   RO         2077    i.SetIP             usartconfig.o
    0x0800fb4c   0x0800fb4c   0x00000030   Code   RO         2078    i.SetName_APN       usartconfig.o
    0x0800fb7c   0x0800fb7c   0x0000000c   Code   RO         2079    i.SetParaming       usartconfig.o
    0x0800fb88   0x0800fb88   0x00000030   Code   RO         2080    i.SetPin            usartconfig.o
    0x0800fbb8   0x0800fbb8   0x000000a4   Code   RO         2759    i.SetRTC            rtc.o
    0x0800fc5c   0x0800fc5c   0x000000d8   Code   RO         2505    i.Sever_Address_GET  freertos.o
    0x0800fd34   0x0800fd34   0x00000014   Code   RO         2506    i.Sim80xBuffTask    freertos.o
    0x0800fd48   0x0800fd48   0x000000ac   Code   RO         2507    i.Sim80x_BufferProcess  freertos.o
    0x0800fdf4   0x0800fdf4   0x00000104   Code   RO         1010    i.Sim80x_SendAtCommand  sim80x.o
    0x0800fef8   0x0800fef8   0x00000080   Code   RO         1012    i.Sim80x_SendString  sim80x.o
    0x0800ff78   0x0800ff78   0x00000038   Code   RO         2081    i.StartDuty         usartconfig.o
    0x0800ffb0   0x0800ffb0   0x000000cc   Code   RO         1536    i.SubToMeter        rechargepacket.o
    0x0801007c   0x0801007c   0x00000008   Code   RO         2969    i.SysTick_Handler   stm32f0xx_it.o
    0x08010084   0x08010084   0x000000cc   Code   RO         2308    i.SystemClock_Config  main.o
    0x08010150   0x08010150   0x00000074   Code   RO         6549    i.SystemInit        system_stm32f0xx.o
    0x080101c4   0x080101c4   0x00000010   Code   RO         2970    i.TIM1_BRK_UP_TRG_COM_IRQHandler  stm32f0xx_it.o
    0x080101d4   0x080101d4   0x00000038   Code   RO         2971    i.TIM6_IRQHandler   stm32f0xx_it.o
    0x0801020c   0x0801020c   0x00000010   Code   RO         2972    i.TIM7_IRQHandler   stm32f0xx_it.o
    0x0801021c   0x0801021c   0x000000a0   Code   RO         4099    i.TIM_Base_SetConfig  stm32f0xx_hal_tim.o
    0x080102bc   0x080102bc   0x000000f0   Code   RO         4933    i.UART_AdvFeatureConfig  stm32f0xx_hal_uart.o
    0x080103ac   0x080103ac   0x0000001e   Code   RO         4934    i.UART_CheckIdleState  stm32f0xx_hal_uart.o
    0x080103ca   0x080103ca   0x00000018   Code   RO         4935    i.UART_DMAAbortOnError  stm32f0xx_hal_uart.o
    0x080103e2   0x080103e2   0x00000056   Code   RO         4936    i.UART_DMAError     stm32f0xx_hal_uart.o
    0x08010438   0x08010438   0x0000003a   Code   RO         4941    i.UART_DMATransmitCplt  stm32f0xx_hal_uart.o
    0x08010472   0x08010472   0x0000000e   Code   RO         4943    i.UART_DMATxHalfCplt  stm32f0xx_hal_uart.o
    0x08010480   0x08010480   0x00000022   Code   RO         4945    i.UART_EndRxTransfer  stm32f0xx_hal_uart.o
    0x080104a2   0x080104a2   0x00000020   Code   RO         4946    i.UART_EndTransmit_IT  stm32f0xx_hal_uart.o
    0x080104c2   0x080104c2   0x00000014   Code   RO         4947    i.UART_EndTxTransfer  stm32f0xx_hal_uart.o
    0x080104d6   0x080104d6   0x0000008e   Code   RO         4948    i.UART_Receive_IT   stm32f0xx_hal_uart.o
    0x08010564   0x08010564   0x00000224   Code   RO         4949    i.UART_SetConfig    stm32f0xx_hal_uart.o
    0x08010788   0x08010788   0x00000072   Code   RO         4950    i.UART_Transmit_IT  stm32f0xx_hal_uart.o
    0x080107fa   0x080107fa   0x00000070   Code   RO         4951    i.UART_WaitOnFlagUntilTimeout  stm32f0xx_hal_uart.o
    0x0801086a   0x0801086a   0x00000002   PAD
    0x0801086c   0x0801086c   0x00000010   Code   RO         2973    i.USART2_IRQHandler  stm32f0xx_it.o
    0x0801087c   0x0801087c   0x00000010   Code   RO         2974    i.USART3_6_IRQHandler  stm32f0xx_it.o
    0x0801088c   0x0801088c   0x00000030   Code   RO         2082    i.USE_GPRS_APN      usartconfig.o
    0x080108bc   0x080108bc   0x00000030   Code   RO         2083    i.USE_SENSOR        usartconfig.o
    0x080108ec   0x080108ec   0x00000038   Code   RO         2084    i.UpDuty            usartconfig.o
    0x08010924   0x08010924   0x00000058   Code   RO         2085    i.VeryLowPower      usartconfig.o
    0x0801097c   0x0801097c   0x00000038   Code   RO         2086    i.WarnBattery       usartconfig.o
    0x080109b4   0x080109b4   0x00000038   Code   RO         2087    i.WarnPerpaid       usartconfig.o
    0x080109ec   0x080109ec   0x00000038   Code   RO         2088    i.WarnVolume        usartconfig.o
    0x08010a24   0x08010a24   0x00000004   Code   RO         2309    i._Error_Handler    main.o
    0x08010a28   0x08010a28   0x00000020   Code   RO         8008    i.__0printf         mc_p.l(printfa.o)
    0x08010a48   0x08010a48   0x00000028   Code   RO         8010    i.__0sprintf        mc_p.l(printfa.o)
    0x08010a70   0x08010a70   0x0000002e   Code   RO         8151    i.__ARM_clz         mf_p.l(depilogue.o)
    0x08010a9e   0x08010a9e   0x00000002   PAD
    0x08010aa0   0x08010aa0   0x00000008   Code   RO         8131    i.__aeabi_errno_addr  mc_p.l(errno.o)
    0x08010aa8   0x08010aa8   0x0000000e   Code   RO         8170    i.__scatterload_copy  mc_p.l(handlers.o)
    0x08010ab6   0x08010ab6   0x00000002   Code   RO         8171    i.__scatterload_null  mc_p.l(handlers.o)
    0x08010ab8   0x08010ab8   0x0000000e   Code   RO         8172    i.__scatterload_zeroinit  mc_p.l(handlers.o)
    0x08010ac6   0x08010ac6   0x00000002   PAD
    0x08010ac8   0x08010ac8   0x00000174   Code   RO         8015    i._fp_digits        mc_p.l(printfa.o)
    0x08010c3c   0x08010c3c   0x0000000e   Code   RO         8072    i._is_digit         mc_p.l(scanf_fp.o)
    0x08010c4a   0x08010c4a   0x00000002   PAD
    0x08010c4c   0x08010c4c   0x000006ec   Code   RO         8016    i._printf_core      mc_p.l(printfa.o)
    0x08011338   0x08011338   0x00000020   Code   RO         8017    i._printf_post_padding  mc_p.l(printfa.o)
    0x08011358   0x08011358   0x0000002c   Code   RO         8018    i._printf_pre_padding  mc_p.l(printfa.o)
    0x08011384   0x08011384   0x0000000a   Code   RO         8020    i._sputc            mc_p.l(printfa.o)
    0x0801138e   0x0801138e   0x00000002   PAD
    0x08011390   0x08011390   0x000000c8   Code   RO         2090    i.fill_rec_buf      usartconfig.o
    0x08011458   0x08011458   0x00000024   Code   RO          660    i.fputc             printf.o
    0x0801147c   0x0801147c   0x00000054   Code   RO         8036    i.free              mc_p.l(malloc.o)
    0x080114d0   0x080114d0   0x00000090   Code   RO         1964    i.getY10value       stringutils.o
    0x08011560   0x08011560   0x00000040   Code   RO         2092    i.handle_arg        usartconfig.o
    0x080115a0   0x080115a0   0x00000080   Code   RO         2908    i.itoa              usart.o
    0x08011620   0x08011620   0x00000088   Code   RO         2310    i.main              main.o
    0x080116a8   0x080116a8   0x0000000e   Code   RO         7354    i.makeFreeRtosPriority  cmsis_os.o
    0x080116b6   0x080116b6   0x00000002   PAD
    0x080116b8   0x080116b8   0x0000006c   Code   RO         8037    i.malloc            mc_p.l(malloc.o)
    0x08011724   0x08011724   0x0000003e   Code   RO         1966    i.myStrncpy         stringutils.o
    0x08011762   0x08011762   0x0000002e   Code   RO         2311    i.my_NVIC_DeInit    main.o
    0x08011790   0x08011790   0x0000001a   Code   RO         7356    i.osDelay           cmsis_os.o
    0x080117aa   0x080117aa   0x0000000a   Code   RO         7359    i.osKernelStart     cmsis_os.o
    0x080117b4   0x080117b4   0x00000010   Code   RO         7392    i.osSystickHandler  cmsis_os.o
    0x080117c4   0x080117c4   0x00000030   Code   RO         7393    i.osThreadCreate    cmsis_os.o
    0x080117f4   0x080117f4   0x00000018   Code   RO         2093    i.printf_hello      usartconfig.o
    0x0801180c   0x0801180c   0x0000007c   Code   RO         6999    i.prvAddCurrentTaskToDelayedList  tasks.o
    0x08011888   0x08011888   0x000000ac   Code   RO         7000    i.prvAddNewTaskToReadyList  tasks.o
    0x08011934   0x08011934   0x00000068   Code   RO         7001    i.prvCheckTasksWaitingTermination  tasks.o
    0x0801199c   0x0801199c   0x0000002c   Code   RO         6825    i.prvCopyDataFromQueue  queue.o
    0x080119c8   0x080119c8   0x00000080   Code   RO         6826    i.prvCopyDataToQueue  queue.o
    0x08011a48   0x08011a48   0x00000012   Code   RO         7002    i.prvDeleteTCB      tasks.o
    0x08011a5a   0x08011a5a   0x00000002   PAD
    0x08011a5c   0x08011a5c   0x0000007c   Code   RO         6579    i.prvHeapInit       heap_4.o
    0x08011ad8   0x08011ad8   0x00000018   Code   RO         7003    i.prvIdleTask       tasks.o
    0x08011af0   0x08011af0   0x0000002c   Code   RO         6828    i.prvInitialiseNewQueue  queue.o
    0x08011b1c   0x08011b1c   0x000000b2   Code   RO         7004    i.prvInitialiseNewTask  tasks.o
    0x08011bce   0x08011bce   0x00000002   PAD
    0x08011bd0   0x08011bd0   0x00000064   Code   RO         7005    i.prvInitialiseTaskLists  tasks.o
    0x08011c34   0x08011c34   0x00000068   Code   RO         6580    i.prvInsertBlockIntoFreeList  heap_4.o
    0x08011c9c   0x08011c9c   0x0000001c   Code   RO         6829    i.prvIsQueueEmpty   queue.o
    0x08011cb8   0x08011cb8   0x0000001e   Code   RO         6830    i.prvIsQueueFull    queue.o
    0x08011cd6   0x08011cd6   0x00000002   PAD
    0x08011cd8   0x08011cd8   0x00000038   Code   RO         7007    i.prvResetNextTaskUnblockTime  tasks.o
    0x08011d10   0x08011d10   0x00000024   Code   RO         6639    i.prvTaskExitError  port.o
    0x08011d34   0x08011d34   0x0000008e   Code   RO         6831    i.prvUnlockQueue    queue.o
    0x08011dc2   0x08011dc2   0x00000002   PAD
    0x08011dc4   0x08011dc4   0x0000011c   Code   RO         6581    i.pvPortMalloc      heap_4.o
    0x08011ee0   0x08011ee0   0x00000020   Code   RO         7011    i.pvTaskIncrementMutexHeldCount  tasks.o
    0x08011f00   0x08011f00   0x00000020   Code   RO         6640    i.pxPortInitialiseStack  port.o
    0x08011f20   0x08011f20   0x0000001c   Code   RO         2094    i.readVoltage       usartconfig.o
    0x08011f3c   0x08011f3c   0x00000028   Code   RO         6788    i.uxListRemove      list.o
    0x08011f64   0x08011f64   0x0000001a   Code   RO         6789    i.vListInitialise   list.o
    0x08011f7e   0x08011f7e   0x00000006   Code   RO         6790    i.vListInitialiseItem  list.o
    0x08011f84   0x08011f84   0x00000036   Code   RO         6791    i.vListInsert       list.o
    0x08011fba   0x08011fba   0x00000018   Code   RO         6792    i.vListInsertEnd    list.o
    0x08011fd2   0x08011fd2   0x00000002   PAD
    0x08011fd4   0x08011fd4   0x0000001c   Code   RO         6642    i.vPortEnterCritical  port.o
    0x08011ff0   0x08011ff0   0x00000028   Code   RO         6643    i.vPortExitCritical  port.o
    0x08012018   0x08012018   0x00000080   Code   RO         6582    i.vPortFree         heap_4.o
    0x08012098   0x08012098   0x00000024   Code   RO         6644    i.vPortSetupTimerInterrupt  port.o
    0x080120bc   0x080120bc   0x00000018   Code   RO         6645    i.vPortYield        port.o
    0x080120d4   0x080120d4   0x00000044   Code   RO         7019    i.vTaskDelay        tasks.o
    0x08012118   0x08012118   0x0000000c   Code   RO         7025    i.vTaskMissedYield  tasks.o
    0x08012124   0x08012124   0x000000b8   Code   RO         7026    i.vTaskNotifyGiveFromISR  tasks.o
    0x080121dc   0x080121dc   0x0000002c   Code   RO         7027    i.vTaskPlaceOnEventList  tasks.o
    0x08012208   0x08012208   0x0000008c   Code   RO         7029    i.vTaskPriorityInherit  tasks.o
    0x08012294   0x08012294   0x00000020   Code   RO         7033    i.vTaskSetTimeOutState  tasks.o
    0x080122b4   0x080122b4   0x00000074   Code   RO         7034    i.vTaskStartScheduler  tasks.o
    0x08012328   0x08012328   0x00000010   Code   RO         7036    i.vTaskSuspendAll   tasks.o
    0x08012338   0x08012338   0x000000c0   Code   RO         7037    i.vTaskSwitchContext  tasks.o
    0x080123f8   0x080123f8   0x00000068   Code   RO         2096    i.writeVoltage      usartconfig.o
    0x08012460   0x08012460   0x00000038   Code   RO         6646    i.xPortStartScheduler  port.o
    0x08012498   0x08012498   0x00000024   Code   RO         6647    i.xPortSysTickHandler  port.o
    0x080124bc   0x080124bc   0x00000050   Code   RO         6842    i.xQueueGenericCreate  queue.o
    0x0801250c   0x0801250c   0x0000018c   Code   RO         6843    i.xQueueGenericReceive  queue.o
    0x08012698   0x08012698   0x00000082   Code   RO         6844    i.xQueueGenericReset  queue.o
    0x0801271a   0x0801271a   0x0000015a   Code   RO         6845    i.xQueueGenericSend  queue.o
    0x08012874   0x08012874   0x000000aa   Code   RO         6847    i.xQueueGiveFromISR  queue.o
    0x0801291e   0x0801291e   0x00000002   PAD
    0x08012920   0x08012920   0x00000074   Code   RO         7038    i.xTaskCheckForTimeOut  tasks.o
    0x08012994   0x08012994   0x0000005c   Code   RO         7039    i.xTaskCreate       tasks.o
    0x080129f0   0x080129f0   0x00000024   Code   RO         7043    i.xTaskGetSchedulerState  tasks.o
    0x08012a14   0x08012a14   0x0000013c   Code   RO         7046    i.xTaskIncrementTick  tasks.o
    0x08012b50   0x08012b50   0x00000088   Code   RO         7049    i.xTaskPriorityDisinherit  tasks.o
    0x08012bd8   0x08012bd8   0x00000088   Code   RO         7050    i.xTaskRemoveFromEventList  tasks.o
    0x08012c60   0x08012c60   0x000000f0   Code   RO         7052    i.xTaskResumeAll    tasks.o
    0x08012d50   0x08012d50   0x0000022c   Data   RO         2514    .constdata          freertos.o
    0x08012f7c   0x08012f7c   0x00000018   Data   RO         6550    .constdata          system_stm32f0xx.o
    0x08012f94   0x08012f94   0x00000081   Data   RO         7722    .constdata          mc_p.l(ctype_o.o)
    0x08013015   0x08013015   0x00000003   PAD
    0x08013018   0x08013018   0x00000004   Data   RO         7723    .constdata          mc_p.l(ctype_o.o)
    0x0801301c   0x0801301c   0x0000071e   Data   RO         2515    .conststring        freertos.o
    0x0801373a   0x0801373a   0x00000002   PAD
    0x0801373c   0x0801373c   0x00000020   Data   RO         8168    Region$$Table       anon$$obj.o


    Execution Region RW_IRAM1 (Exec base: 0x20000100, Load base: 0x0801375c, Size: 0x00006480, Max: 0x00008000, ABSOLUTE, COMPRESSED[0x000000a8])

    Exec Addr    Load Addr    Size         Type   Attr      Idx    E Section Name        Object

    0x20000100   COMPRESSED   0x00000008   Data   RW          619    .data               motor.o
    0x20000108   COMPRESSED   0x00000001   Data   RW          662    .data               printf.o
    0x20000109   COMPRESSED   0x00000003   PAD
    0x2000010c   COMPRESSED   0x00000008   Data   RW         2098    .data               usartconfig.o
    0x20000114   COMPRESSED   0x00000028   Data   RW         2314    .data               main.o
    0x2000013c   COMPRESSED   0x0000019e   Data   RW         2516    .data               freertos.o
    0x200002da   COMPRESSED   0x00000002   PAD
    0x200002dc   COMPRESSED   0x00000004   Data   RW         5416    .data               stm32f0xx_hal.o
    0x200002e0   COMPRESSED   0x00000004   Data   RW         6551    .data               system_stm32f0xx.o
    0x200002e4   COMPRESSED   0x00000018   Data   RW         6587    .data               heap_4.o
    0x200002fc   COMPRESSED   0x00000004   Data   RW         6648    .data               port.o
    0x20000300   COMPRESSED   0x00000044   Data   RW         7055    .data               tasks.o
    0x20000344   COMPRESSED   0x00000004   Data   RW         8120    .data               mc_p.l(stdout.o)
    0x20000348   COMPRESSED   0x00000004   Data   RW         8129    .data               mc_p.l(mvars.o)
    0x2000034c   COMPRESSED   0x00000004   Data   RW         8130    .data               mc_p.l(mvars.o)
    0x20000350   COMPRESSED   0x00000004   Data   RW         8134    .data               mc_p.l(errno.o)
    0x20000354        -       0x000020b0   Zero   RW         1032    .bss                sim80x.o
    0x20002404        -       0x000001b0   Zero   RW         2097    .bss                usartconfig.o
    0x200025b4        -       0x000000c8   Zero   RW         2313    .bss                main.o
    0x2000267c        -       0x00000090   Zero   RW         2426    .bss                adc.o
    0x2000270c        -       0x00000318   Zero   RW         2513    .bss                freertos.o
    0x20002a24        -       0x00000020   Zero   RW         2761    .bss                rtc.o
    0x20002a44        -       0x00000064   Zero   RW         2825    .bss                spi.o
    0x20002aa8        -       0x00000080   Zero   RW         2864    .bss                tim.o
    0x20002b28        -       0x00000124   Zero   RW         2910    .bss                usart.o
    0x20002c4c        -       0x00000040   Zero   RW         3091    .bss                stm32f0xx_hal_timebase_tim.o
    0x20002c8c        -       0x00002800   Zero   RW         6586    .bss                heap_4.o
    0x2000548c        -       0x000000f0   Zero   RW         7054    .bss                tasks.o
    0x2000557c   COMPRESSED   0x00000004   PAD
    0x20005580        -       0x00000700   Zero   RW            2    HEAP                startup_stm32f030xc.o
    0x20005c80        -       0x00000900   Zero   RW            1    STACK               startup_stm32f030xc.o



  Load Region LR$$.ARM.__AT_0x20000000 (Base: 0x20000000, Size: 0x00000000, Max: 0x000000c0, ABSOLUTE)

    Execution Region ER$$.ARM.__AT_0x20000000 (Exec base: 0x20000000, Load base: 0x20000000, Size: 0x000000c0, Max: 0x000000c0, ABSOLUTE, UNINIT)

    Exec Addr    Load Addr    Size         Type   Attr      Idx    E Section Name        Object

    0x20000000        -       0x000000c0   Zero   RW         2312    .ARM.__AT_0x20000000  main.o


==============================================================================

Image component sizes


      Code (inc. data)   RO Data    RW Data    ZI Data      Debug   Object Name

       356         58          0          0        144       1696   adc.o
        44          8          0          0          0     342044   bsp_spiflash.o
       114          0          0          0          0       7422   cmsis_os.o
        52          4          0          0          0        706   dma.o
      6356       2236       2378        414        792      24324   freertos.o
       524         42          0          0          0       1111   gpio.o
       640         60          0         24      10240       5927   heap_4.o
         0          0          0          0          0       1228   ht1621b.o
       150          0          0          0          0       3354   list.o
      2802        418          0         40        392       8307   main.o
       344         20          0          0          0       2868   mb85rs16a.o
         0          0          0          8          0       6482   motor.o
       410         58          0          4          0       7231   port.o
        36         10          0          1          0        765   printf.o
      1538          0          0          0          0      11442   queue.o
       204         30          0          0          0        585   rechargepacket.o
       608         66          0          0         32       2836   rtc.o
       388         26          0          0       8368      12667   sim80x.o
       196         40          0          0        100       1545   spi.o
        28          8        184          0       4096        624   startup_stm32f030xc.o
        92         14          0          4          0       3012   stm32f0xx_hal.o
      2120         56          0          0          0      10181   stm32f0xx_hal_adc.o
       228          0          0          0          0       1346   stm32f0xx_hal_adc_ex.o
       278         36          0          0          0      10129   stm32f0xx_hal_cortex.o
       712         10          0          0          0       5134   stm32f0xx_hal_dma.o
       558         32          0          0          0       3410   stm32f0xx_hal_gpio.o
        96          6          0          0          0        838   stm32f0xx_hal_msp.o
        20          4          0          0          0        503   stm32f0xx_hal_pwr.o
      2152        122          0          0          0       5991   stm32f0xx_hal_rcc.o
       336         14          0          0          0       1380   stm32f0xx_hal_rcc_ex.o
      1882         48          0          0          0       9461   stm32f0xx_hal_rtc.o
      1388          0          0          0          0       5229   stm32f0xx_hal_spi.o
       774         30          0          0          0       5926   stm32f0xx_hal_tim.o
         4          0          0          0          0       1502   stm32f0xx_hal_tim_ex.o
       144         22          0          0         64       1472   stm32f0xx_hal_timebase_tim.o
      2658         72          0          0          0      14817   stm32f0xx_hal_uart.o
       252         70          0          0          0       6690   stm32f0xx_it.o
       854        116          0          0          0       3277   stringutils.o
       116         12         24          4          0       1123   system_stm32f0xx.o
      2684        378          0         68        240      21420   tasks.o
       160         40          0          0        128       1496   tim.o
       584        100          0          0        292       3241   usart.o
      3340       1318          0          8        432      20955   usartconfig.o
        92          0          0          0          0        993   w25q64.o

    ----------------------------------------------------------------------
     36364       5584       2620        580      25324     582690   Object Totals
         0          0         32          0          0          0   (incl. Generated)
        50          0          2          5          4          0   (incl. Padding)

    ----------------------------------------------------------------------

      Code (inc. data)   RO Data    RW Data    ZI Data      Debug   Library Member Name

        60         10          0          0          0         84   __0sscanf.o
        86          0          0          0          0          0   __dczerorl2.o
        30          0          0          0          0         60   _chval.o
       824         12          0          0          0         84   _scanf.o
       330          0          0          0          0         84   _scanf_int.o
        68          0          0          0          0         76   _sgetc.o
       166          0          0          0          0         84   _strtoul.o
        26          0          0          0          0         72   atoi.o
         8          4        133          0          0         60   ctype_o.o
         0          0          0          0          0          0   entry.o
         0          0          0          0          0          0   entry10a.o
         0          0          0          0          0          0   entry11a.o
         8          4          0          0          0          0   entry2.o
         4          0          0          0          0          0   entry5.o
         0          0          0          0          0          0   entry7b.o
         0          0          0          0          0          0   entry8b.o
         8          4          0          0          0          0   entry9a.o
         8          4          0          4          0         60   errno.o
        30          0          0          0          0          0   handlers.o
        40          0          0          0          0         72   idiv.o
        36          8          0          0          0         68   init.o
        18          0          0          0          0         68   isspace_o.o
         0          0          0          0          0          0   iusefp.o
       122          0          0          0          0         84   llmul.o
        32          0          0          0          0         68   llshl.o
        38          0          0          0          0         68   llsshr.o
        34          0          0          0          0         68   llushr.o
       192         20          0          0          0        144   malloc.o
        36          0          0          0          0         60   memcpya.o
        36          0          0          0          0        100   memseta.o
         0          0          0          8          0          0   mvars.o
      2302        102          0          0          0        556   printfa.o
        44          8          0          0          0         84   scanf_char.o
       898         12          0          0          0        184   scanf_fp.o
         0          0          0          4          0          0   stdout.o
        24          0          0          0          0         60   strcat.o
        28          0          0          0          0         68   strcmp.o
        18          0          0          0          0         60   strcpy.o
        14          0          0          0          0         60   strlen.o
        26          0          0          0          0         68   strncpy.o
        40          0          0          0          0         72   strstr.o
       112          4          0          0          0         76   strtol.o
        44          0          0          0          0         72   uidiv.o
        96          0          0          0          0         84   uldiv.o
        40          2          0          0          0         68   cdcmple.o
        40          2          0          0          0         68   cdrcmple.o
        20          0          0          0          0         68   cfcmple.o
        20          0          0          0          0         68   cfrcmple.o
        56          0          0          0          0         68   d2f.o
       356          4          0          0          0        140   dadd.o
       240          6          0          0          0         84   ddiv.o
       236          0          0          0          0        216   depilogue.o
        64         10          0          0          0         68   dfixul.o
        28          6          0          0          0         68   dfltul.o
       208          6          0          0          0         88   dmul.o
        40          0          0          0          0         60   f2d.o
       178          0          0          0          0        108   fadd.o
       124          0          0          0          0         72   fdiv.o
       130          0          0          0          0        144   fepilogue.o
        14          0          0          0          0         68   ffltui.o
       122          0          0          0          0         72   fmul.o

    ----------------------------------------------------------------------
      7820        228        136         16          0       4436   Library Totals
        18          0          3          0          0          0   (incl. Padding)

    ----------------------------------------------------------------------

      Code (inc. data)   RO Data    RW Data    ZI Data      Debug   Library Name

      5886        192        133         16          0       2908   mc_p.l
      1916         36          0          0          0       1528   mf_p.l

    ----------------------------------------------------------------------
      7820        228        136         16          0       4436   Library Totals

    ----------------------------------------------------------------------

==============================================================================


      Code (inc. data)   RO Data    RW Data    ZI Data      Debug   

     44184       5812       2756        596      25324     573230   Grand Totals
     44184       5812       2756        168      25324     573230   ELF Image Totals (compressed)
     44184       5812       2756        168          0          0   ROM Totals

==============================================================================

    Total RO  Size (Code + RO Data)                46940 (  45.84kB)
    Total RW  Size (RW Data + ZI Data)             25920 (  25.31kB)
    Total ROM Size (Code + RO Data + RW Data)      47108 (  46.00kB)

==============================================================================

